Jun 12 14:12:10 amlogic kernel: [ 1605.768621] hello KERN_EMERG!
Jun 12 14:12:10 amlogic kernel: [ 1605.768641] hello KERN_ERR!
Jun 12 14:12:10 amlogic kernel: [ 1605.768651] hello KERN_WARNING!
Jun 12 14:12:10 amlogic kernel: [ 1605.768661] hello KERN_NOTICE!
Jun 12 14:12:10 amlogic kernel: [ 1605.768671] hello KERN_INFO!
Jun 12 14:12:10 amlogic kernel: [ 1605.768680] hello KERN_DEBUG!
Jun 12 16:22:15 amlogic kernel: [ 9410.997634] hello exit!
Jun 12 16:22:23 amlogic kernel: [ 9418.734364] hello KERN_EMERG!
Jun 12 16:22:23 amlogic kernel: [ 9418.734387] hello KERN_ERR!
Jun 12 16:22:23 amlogic kernel: [ 9418.734397] hello KERN_WARNING!
Jun 12 16:22:23 amlogic kernel: [ 9418.734407] hello KERN_NOTICE!
Jun 12 16:22:23 amlogic kernel: [ 9418.734416] hello KERN_INFO!
Jun 12 16:22:23 amlogic kernel: [ 9418.734424] hello KERN_DEBUG!
Jun 12 16:22:28 amlogic kernel: [ 9424.192638] hello exit!
Jun 12 16:33:36 amlogic kernel: [10092.051965] hello KERN_EMERG!
Jun 12 16:33:36 amlogic kernel: [10092.051988] hello KERN_ERR!
Jun 12 16:33:36 amlogic kernel: [10092.051998] hello KERN_WARNING!
Jun 12 16:33:36 amlogic kernel: [10092.052008] hello KERN_NOTICE!
Jun 12 16:33:36 amlogic kernel: [10092.052077] hello KERN_INFO!
Jun 12 16:33:36 amlogic kernel: [10092.052092] hello KERN_DEBUG!
Jun 12 16:33:46 amlogic kernel: [10101.785371] hello exit!
Jun 12 16:33:51 amlogic kernel: [10106.695134] hello KERN_EMERG!
Jun 12 16:33:51 amlogic kernel: [10106.695152] hello KERN_ERR!
Jun 12 16:33:51 amlogic kernel: [10106.695164] hello KERN_WARNING!
Jun 12 16:33:51 amlogic kernel: [10106.695175] hello KERN_NOTICE!
Jun 12 16:33:51 amlogic kernel: [10106.695185] hello KERN_INFO!
Jun 12 16:33:51 amlogic kernel: [10106.695195] hello KERN_DEBUG!
Jun 12 16:58:33 amlogic kernel: [11588.726541] init: apport pre-start process (5760) terminated with status 1
Jun 12 16:58:33 amlogic kernel: [11589.211077] init: plymouth-stop pre-start process (5770) terminated with status 1
Jun 12 16:58:33 amlogic kernel: [11589.221189] init: apport post-stop process (5769) terminated with status 1
Jun 12 16:58:42 amlogic kernel: [11597.858749] init: vmware-tools pre-start process (5759) terminated with status 1
Jun 12 16:59:02 amlogic kernel: [11617.909239] hello exit!
Jun 12 16:59:09 amlogic kernel: [11624.558571] hello KERN_EMERG!
Jun 12 16:59:09 amlogic kernel: [11624.558592] hello KERN_ERR!
Jun 12 16:59:09 amlogic kernel: [11624.558602] hello KERN_WARNING!
Jun 12 16:59:09 amlogic kernel: [11624.558612] hello KERN_NOTICE!
Jun 12 16:59:09 amlogic kernel: [11624.558621] hello KERN_INFO!
Jun 12 16:59:09 amlogic kernel: [11624.558630] hello KERN_DEBUG!
Jun 12 16:59:13 amlogic kernel: [11628.969431] hello exit!
Jun 12 17:01:15 amlogic kernel: [11750.864008] hello KERN_EMERG!
Jun 12 17:01:15 amlogic kernel: [11750.864455] hello KERN_ERR!
Jun 12 17:01:15 amlogic kernel: [11750.864585] hello KERN_WARNING!
Jun 12 17:01:15 amlogic kernel: [11750.864717] hello KERN_NOTICE!
Jun 12 17:01:15 amlogic kernel: [11750.864848] hello KERN_INFO!
Jun 12 17:01:15 amlogic kernel: [11750.864976] hello KERN_DEBUG!
Jun 12 17:01:38 amlogic kernel: [11774.345446] hello exit!
Jun 12 17:02:42 amlogic kernel: [11838.272627] hello KERN_EMERG!
Jun 12 17:02:42 amlogic kernel: [11838.272780] hello KERN_ERR!
Jun 12 17:02:42 amlogic kernel: [11838.272907] hello KERN_WARNING!
Jun 12 17:02:42 amlogic kernel: [11838.273037] hello KERN_NOTICE!
Jun 12 17:02:42 amlogic kernel: [11838.273169] hello KERN_INFO!
Jun 12 17:02:42 amlogic kernel: [11838.273299] hello KERN_DEBUG!
Jun 12 17:02:52 amlogic kernel: [11847.948811] hello exit!
Jun 12 17:05:14 amlogic kernel: [11990.230699] init: tty4 main process (837) killed by TERM signal
Jun 12 17:05:14 amlogic kernel: [11990.332824] init: tty5 main process (842) killed by TERM signal
Jun 12 17:05:14 amlogic kernel: [11990.344910] init: tty2 main process (853) killed by TERM signal
Jun 12 17:05:15 amlogic kernel: [11990.393974] init: tty3 main process (855) killed by TERM signal
Jun 12 17:05:15 amlogic kernel: [11990.442104] init: tty6 main process (857) killed by TERM signal
Jun 12 17:05:15 amlogic kernel: [11990.446672] init: apport pre-start process (6816) terminated with status 1
Jun 12 17:05:15 amlogic kernel: [11990.536861] init: apport post-stop process (6833) terminated with status 1
Jun 12 17:05:15 amlogic kernel: [11990.563405] init: plymouth-stop pre-start process (6834) terminated with status 1
Jun 12 17:05:23 amlogic kernel: [11998.660093] init: vmware-tools pre-start process (6815) terminated with status 1
Jun 12 17:10:16 amlogic kernel: imklog 5.8.1, log source = /proc/kmsg started.
Jun 12 17:10:16 amlogic kernel: [    0.000000] Initializing cgroup subsys cpuset
Jun 12 17:10:16 amlogic kernel: [    0.000000] Initializing cgroup subsys cpu
Jun 12 17:10:16 amlogic kernel: [    0.000000] Linux version 3.0.0-12-generic (buildd@vernadsky) (gcc version 4.6.1 (Ubuntu/Linaro 4.6.1-9ubuntu3) ) #20-Ubuntu SMP Fri Oct 7 14:50:42 UTC 2011 (Ubuntu 3.0.0-12.20-generic 3.0.4)
Jun 12 17:10:16 amlogic kernel: [    0.000000] KERNEL supported cpus:
Jun 12 17:10:16 amlogic kernel: [    0.000000]   Intel GenuineIntel
Jun 12 17:10:16 amlogic kernel: [    0.000000]   AMD AuthenticAMD
Jun 12 17:10:16 amlogic kernel: [    0.000000]   NSC Geode by NSC
Jun 12 17:10:16 amlogic kernel: [    0.000000]   Cyrix CyrixInstead
Jun 12 17:10:16 amlogic kernel: [    0.000000]   Centaur CentaurHauls
Jun 12 17:10:16 amlogic kernel: [    0.000000]   Transmeta GenuineTMx86
Jun 12 17:10:16 amlogic kernel: [    0.000000]   Transmeta TransmetaCPU
Jun 12 17:10:16 amlogic kernel: [    0.000000]   UMC UMC UMC UMC
Jun 12 17:10:16 amlogic kernel: [    0.000000] Disabled fast string operations
Jun 12 17:10:16 amlogic kernel: [    0.000000] BIOS-provided physical RAM map:
Jun 12 17:10:16 amlogic kernel: [    0.000000]  BIOS-e820: 0000000000000000 - 000000000009f800 (usable)
Jun 12 17:10:16 amlogic kernel: [    0.000000]  BIOS-e820: 000000000009f800 - 00000000000a0000 (reserved)
Jun 12 17:10:16 amlogic kernel: [    0.000000]  BIOS-e820: 00000000000ca000 - 00000000000cc000 (reserved)
Jun 12 17:10:16 amlogic kernel: [    0.000000]  BIOS-e820: 00000000000dc000 - 00000000000e4000 (reserved)
Jun 12 17:10:16 amlogic kernel: [    0.000000]  BIOS-e820: 00000000000e8000 - 0000000000100000 (reserved)
Jun 12 17:10:16 amlogic kernel: [    0.000000]  BIOS-e820: 0000000000100000 - 000000003fef0000 (usable)
Jun 12 17:10:16 amlogic kernel: [    0.000000]  BIOS-e820: 000000003fef0000 - 000000003feff000 (ACPI data)
Jun 12 17:10:16 amlogic kernel: [    0.000000]  BIOS-e820: 000000003feff000 - 000000003ff00000 (ACPI NVS)
Jun 12 17:10:16 amlogic kernel: [    0.000000]  BIOS-e820: 000000003ff00000 - 0000000040000000 (usable)
Jun 12 17:10:16 amlogic kernel: [    0.000000]  BIOS-e820: 00000000e0000000 - 00000000f0000000 (reserved)
Jun 12 17:10:16 amlogic kernel: [    0.000000]  BIOS-e820: 00000000fec00000 - 00000000fec10000 (reserved)
Jun 12 17:10:16 amlogic kernel: [    0.000000]  BIOS-e820: 00000000fee00000 - 00000000fee01000 (reserved)
Jun 12 17:10:16 amlogic kernel: [    0.000000]  BIOS-e820: 00000000fffe0000 - 0000000100000000 (reserved)
Jun 12 17:10:16 amlogic kernel: [    0.000000] Notice: NX (Execute Disable) protection cannot be enabled in hardware: non-PAE kernel!
Jun 12 17:10:16 amlogic kernel: [    0.000000] NX (Execute Disable) protection: approximated by x86 segment limits
Jun 12 17:10:16 amlogic kernel: [    0.000000] DMI present.
Jun 12 17:10:16 amlogic kernel: [    0.000000] DMI: VMware, Inc. VMware Virtual Platform/440BX Desktop Reference Platform, BIOS 6.00 12/31/2009
Jun 12 17:10:16 amlogic kernel: [    0.000000] Hypervisor detected: VMware
Jun 12 17:10:16 amlogic kernel: [    0.000000] e820 update range: 0000000000000000 - 0000000000010000 (usable) ==> (reserved)
Jun 12 17:10:16 amlogic kernel: [    0.000000] e820 remove range: 00000000000a0000 - 0000000000100000 (usable)
Jun 12 17:10:16 amlogic kernel: [    0.000000] last_pfn = 0x40000 max_arch_pfn = 0x100000
Jun 12 17:10:16 amlogic kernel: [    0.000000] MTRR default type: uncachable
Jun 12 17:10:16 amlogic kernel: [    0.000000] MTRR fixed ranges enabled:
Jun 12 17:10:16 amlogic kernel: [    0.000000]   00000-9FFFF write-back
Jun 12 17:10:16 amlogic kernel: [    0.000000]   A0000-BFFFF uncachable
Jun 12 17:10:16 amlogic kernel: [    0.000000]   C0000-CBFFF write-protect
Jun 12 17:10:16 amlogic kernel: [    0.000000]   CC000-EFFFF uncachable
Jun 12 17:10:16 amlogic kernel: [    0.000000]   F0000-FFFFF write-protect
Jun 12 17:10:16 amlogic kernel: [    0.000000] MTRR variable ranges enabled:
Jun 12 17:10:16 amlogic kernel: [    0.000000]   0 base 0000000000 mask FFC0000000 write-back
Jun 12 17:10:16 amlogic kernel: [    0.000000]   1 disabled
Jun 12 17:10:16 amlogic kernel: [    0.000000]   2 disabled
Jun 12 17:10:16 amlogic kernel: [    0.000000]   3 disabled
Jun 12 17:10:16 amlogic kernel: [    0.000000]   4 disabled
Jun 12 17:10:16 amlogic kernel: [    0.000000]   5 disabled
Jun 12 17:10:16 amlogic kernel: [    0.000000]   6 disabled
Jun 12 17:10:16 amlogic kernel: [    0.000000]   7 disabled
Jun 12 17:10:16 amlogic kernel: [    0.000000] x86 PAT enabled: cpu 0, old 0x0, new 0x7010600070106
Jun 12 17:10:16 amlogic kernel: [    0.000000] found SMP MP-table at [c00f69b0] f69b0
Jun 12 17:10:16 amlogic kernel: [    0.000000] initial memory mapped : 0 - 01c00000
Jun 12 17:10:16 amlogic kernel: [    0.000000] Base memory trampoline at [c009b000] 9b000 size 16384
Jun 12 17:10:16 amlogic kernel: [    0.000000] init_memory_mapping: 0000000000000000-00000000377fe000
Jun 12 17:10:16 amlogic kernel: [    0.000000]  0000000000 - 0000400000 page 4k
Jun 12 17:10:16 amlogic kernel: [    0.000000]  0000400000 - 0037400000 page 2M
Jun 12 17:10:16 amlogic kernel: [    0.000000]  0037400000 - 00377fe000 page 4k
Jun 12 17:10:16 amlogic kernel: [    0.000000] kernel direct mapping tables up to 377fe000 @ 1bfb000-1c00000
Jun 12 17:10:16 amlogic kernel: [    0.000000] RAMDISK: 365f0000 - 372f0000
Jun 12 17:10:16 amlogic kernel: [    0.000000] ACPI: RSDP 000f6940 00024 (v02 PTLTD )
Jun 12 17:10:16 amlogic kernel: [    0.000000] ACPI: XSDT 3fef0804 0004C (v01 INTEL  440BX    06040000 VMW  01324272)
Jun 12 17:10:16 amlogic kernel: [    0.000000] ACPI: FACP 3fefee98 000F4 (v04 INTEL  440BX    06040000 PTL  000F4240)
Jun 12 17:10:16 amlogic kernel: [    0.000000] ACPI: DSDT 3fef09bc 0E4DC (v01 PTLTD  Custom   06040000 MSFT 03000001)
Jun 12 17:10:16 amlogic kernel: [    0.000000] ACPI: FACS 3fefffc0 00040
Jun 12 17:10:16 amlogic kernel: [    0.000000] ACPI: BOOT 3fef0994 00028 (v01 PTLTD  $SBFTBL$ 06040000  LTP 00000001)
Jun 12 17:10:16 amlogic kernel: [    0.000000] ACPI: APIC 3fef0944 00050 (v01 PTLTD  ? APIC   06040000  LTP 00000000)
Jun 12 17:10:16 amlogic kernel: [    0.000000] ACPI: MCFG 3fef0908 0003C (v01 PTLTD  $PCITBL$ 06040000  LTP 00000001)
Jun 12 17:10:16 amlogic kernel: [    0.000000] ACPI: SRAT 3fef0888 00080 (v02 VMWARE MEMPLUG  06040000 VMW  00000001)
Jun 12 17:10:16 amlogic kernel: [    0.000000] ACPI: Local APIC address 0xfee00000
Jun 12 17:10:16 amlogic kernel: [    0.000000] 136MB HIGHMEM available.
Jun 12 17:10:16 amlogic kernel: [    0.000000] 887MB LOWMEM available.
Jun 12 17:10:16 amlogic kernel: [    0.000000]   mapped low ram: 0 - 377fe000
Jun 12 17:10:16 amlogic kernel: [    0.000000]   low ram: 0 - 377fe000
Jun 12 17:10:16 amlogic kernel: [    0.000000] Zone PFN ranges:
Jun 12 17:10:16 amlogic kernel: [    0.000000]   DMA      0x00000010 -> 0x00001000
Jun 12 17:10:16 amlogic kernel: [    0.000000]   Normal   0x00001000 -> 0x000377fe
Jun 12 17:10:16 amlogic kernel: [    0.000000]   HighMem  0x000377fe -> 0x00040000
Jun 12 17:10:16 amlogic kernel: [    0.000000] Movable zone start PFN for each node
Jun 12 17:10:16 amlogic kernel: [    0.000000] early_node_map[3] active PFN ranges
Jun 12 17:10:16 amlogic kernel: [    0.000000]     0: 0x00000010 -> 0x0000009f
Jun 12 17:10:16 amlogic kernel: [    0.000000]     0: 0x00000100 -> 0x0003fef0
Jun 12 17:10:16 amlogic kernel: [    0.000000]     0: 0x0003ff00 -> 0x00040000
Jun 12 17:10:16 amlogic kernel: [    0.000000] On node 0 totalpages: 262015
Jun 12 17:10:16 amlogic kernel: [    0.000000] free_area_init_node: node 0, pgdat c17b11c0, node_mem_map f5df0200
Jun 12 17:10:16 amlogic kernel: [    0.000000]   DMA zone: 32 pages used for memmap
Jun 12 17:10:16 amlogic kernel: [    0.000000]   DMA zone: 0 pages reserved
Jun 12 17:10:16 amlogic kernel: [    0.000000]   DMA zone: 3951 pages, LIFO batch:0
Jun 12 17:10:16 amlogic kernel: [    0.000000]   Normal zone: 1744 pages used for memmap
Jun 12 17:10:16 amlogic kernel: [    0.000000]   Normal zone: 221486 pages, LIFO batch:31
Jun 12 17:10:16 amlogic kernel: [    0.000000]   HighMem zone: 273 pages used for memmap
Jun 12 17:10:16 amlogic kernel: [    0.000000]   HighMem zone: 34529 pages, LIFO batch:7
Jun 12 17:10:16 amlogic kernel: [    0.000000] Using APIC driver default
Jun 12 17:10:16 amlogic kernel: [    0.000000] ACPI: PM-Timer IO Port: 0x1008
Jun 12 17:10:16 amlogic kernel: [    0.000000] ACPI: Local APIC address 0xfee00000
Jun 12 17:10:16 amlogic kernel: [    0.000000] ACPI: LAPIC (acpi_id[0x00] lapic_id[0x00] enabled)
Jun 12 17:10:16 amlogic kernel: [    0.000000] ACPI: LAPIC_NMI (acpi_id[0x00] high edge lint[0x1])
Jun 12 17:10:16 amlogic kernel: [    0.000000] ACPI: IOAPIC (id[0x01] address[0xfec00000] gsi_base[0])
Jun 12 17:10:16 amlogic kernel: [    0.000000] IOAPIC[0]: apic_id 1, version 17, address 0xfec00000, GSI 0-23
Jun 12 17:10:16 amlogic kernel: [    0.000000] ACPI: INT_SRC_OVR (bus 0 bus_irq 0 global_irq 2 high edge)
Jun 12 17:10:16 amlogic kernel: [    0.000000] ACPI: IRQ0 used by override.
Jun 12 17:10:16 amlogic kernel: [    0.000000] ACPI: IRQ2 used by override.
Jun 12 17:10:16 amlogic kernel: [    0.000000] ACPI: IRQ9 used by override.
Jun 12 17:10:16 amlogic kernel: [    0.000000] Using ACPI (MADT) for SMP configuration information
Jun 12 17:10:16 amlogic kernel: [    0.000000] SMP: Allowing 1 CPUs, 0 hotplug CPUs
Jun 12 17:10:16 amlogic kernel: [    0.000000] nr_irqs_gsi: 40
Jun 12 17:10:16 amlogic kernel: [    0.000000] PM: Registered nosave memory: 000000000009f000 - 00000000000a0000
Jun 12 17:10:16 amlogic kernel: [    0.000000] PM: Registered nosave memory: 00000000000a0000 - 00000000000ca000
Jun 12 17:10:16 amlogic kernel: [    0.000000] PM: Registered nosave memory: 00000000000ca000 - 00000000000cc000
Jun 12 17:10:16 amlogic kernel: [    0.000000] PM: Registered nosave memory: 00000000000cc000 - 00000000000dc000
Jun 12 17:10:16 amlogic kernel: [    0.000000] PM: Registered nosave memory: 00000000000dc000 - 00000000000e4000
Jun 12 17:10:16 amlogic kernel: [    0.000000] PM: Registered nosave memory: 00000000000e4000 - 00000000000e8000
Jun 12 17:10:16 amlogic kernel: [    0.000000] PM: Registered nosave memory: 00000000000e8000 - 0000000000100000
Jun 12 17:10:16 amlogic kernel: [    0.000000] Allocating PCI resources starting at 40000000 (gap: 40000000:a0000000)
Jun 12 17:10:16 amlogic kernel: [    0.000000] Booting paravirtualized kernel on bare hardware
Jun 12 17:10:16 amlogic kernel: [    0.000000] setup_percpu: NR_CPUS:8 nr_cpumask_bits:8 nr_cpu_ids:1 nr_node_ids:1
Jun 12 17:10:16 amlogic kernel: [    0.000000] PERCPU: Embedded 12 pages/cpu @f5800000 s26240 r0 d22912 u4194304
Jun 12 17:10:16 amlogic kernel: [    0.000000] pcpu-alloc: s26240 r0 d22912 u4194304 alloc=1*4194304
Jun 12 17:10:16 amlogic kernel: [    0.000000] pcpu-alloc: [0] 0 
Jun 12 17:10:16 amlogic kernel: [    0.000000] Built 1 zonelists in Zone order, mobility grouping on.  Total pages: 259966
Jun 12 17:10:16 amlogic kernel: [    0.000000] Kernel command line: BOOT_IMAGE=/boot/vmlinuz-3.0.0-12-generic root=UUID=93328150-8554-4ae7-bbfc-b4b1b8309639 ro quiet splash vt.handoff=7
Jun 12 17:10:16 amlogic kernel: [    0.000000] PID hash table entries: 4096 (order: 2, 16384 bytes)
Jun 12 17:10:16 amlogic kernel: [    0.000000] Dentry cache hash table entries: 131072 (order: 7, 524288 bytes)
Jun 12 17:10:16 amlogic kernel: [    0.000000] Inode-cache hash table entries: 65536 (order: 6, 262144 bytes)
Jun 12 17:10:16 amlogic kernel: [    0.000000] Initializing CPU#0
Jun 12 17:10:16 amlogic kernel: [    0.000000] allocated 4194048 bytes of page_cgroup
Jun 12 17:10:16 amlogic kernel: [    0.000000] please try 'cgroup_disable=memory' option if you don't want memory cgroups
Jun 12 17:10:16 amlogic kernel: [    0.000000] Initializing HighMem for node 0 (000377fe:00040000)
Jun 12 17:10:16 amlogic kernel: [    0.000000] Memory: 1012048k/1048576k available (5329k kernel code, 36012k reserved, 2589k data, 696k init, 139208k highmem)
Jun 12 17:10:16 amlogic kernel: [    0.000000] virtual kernel memory layout:
Jun 12 17:10:16 amlogic kernel: [    0.000000]     fixmap  : 0xfff16000 - 0xfffff000   ( 932 kB)
Jun 12 17:10:16 amlogic kernel: [    0.000000]     pkmap   : 0xff800000 - 0xffc00000   (4096 kB)
Jun 12 17:10:16 amlogic kernel: [    0.000000]     vmalloc : 0xf7ffe000 - 0xff7fe000   ( 120 MB)
Jun 12 17:10:16 amlogic kernel: [    0.000000]     lowmem  : 0xc0000000 - 0xf77fe000   ( 887 MB)
Jun 12 17:10:16 amlogic kernel: [    0.000000]       .init : 0xc17bc000 - 0xc186a000   ( 696 kB)
Jun 12 17:10:16 amlogic kernel: [    0.000000]       .data : 0xc1534784 - 0xc17bbd80   (2589 kB)
Jun 12 17:10:16 amlogic kernel: [    0.000000]       .text : 0xc1000000 - 0xc1534784   (5329 kB)
Jun 12 17:10:16 amlogic kernel: [    0.000000] Checking if this processor honours the WP bit even in supervisor mode...Ok.
Jun 12 17:10:16 amlogic kernel: [    0.000000] SLUB: Genslabs=15, HWalign=64, Order=0-3, MinObjects=0, CPUs=1, Nodes=1
Jun 12 17:10:16 amlogic kernel: [    0.000000] Hierarchical RCU implementation.
Jun 12 17:10:16 amlogic kernel: [    0.000000] 	RCU dyntick-idle grace-period acceleration is enabled.
Jun 12 17:10:16 amlogic kernel: [    0.000000] NR_IRQS:2304 nr_irqs:256 16
Jun 12 17:10:16 amlogic kernel: [    0.000000] CPU 0 irqstacks, hard=f5408000 soft=f540a000
Jun 12 17:10:16 amlogic kernel: [    0.000000] Extended CMOS year: 2000
Jun 12 17:10:16 amlogic kernel: [    0.000000] vt handoff: transparent VT on vt#7
Jun 12 17:10:16 amlogic kernel: [    0.000000] Console: colour VGA+ 80x25
Jun 12 17:10:16 amlogic kernel: [    0.000000] console [tty0] enabled
Jun 12 17:10:16 amlogic kernel: [    0.000000] TSC freq read from hypervisor : 1995.050 MHz
Jun 12 17:10:16 amlogic kernel: [    0.000000] Detected 1995.050 MHz processor.
Jun 12 17:10:16 amlogic kernel: [    0.008254] Calibrating delay loop (skipped) preset value.. 3990.10 BogoMIPS (lpj=7980200)
Jun 12 17:10:16 amlogic kernel: [    0.008455] pid_max: default: 32768 minimum: 301
Jun 12 17:10:16 amlogic kernel: [    0.009076] Security Framework initialized
Jun 12 17:10:16 amlogic kernel: [    0.010360] AppArmor: AppArmor initialized
Jun 12 17:10:16 amlogic kernel: [    0.010399] Yama: becoming mindful.
Jun 12 17:10:16 amlogic kernel: [    0.012966] Mount-cache hash table entries: 512
Jun 12 17:10:16 amlogic kernel: [    0.020791] Initializing cgroup subsys cpuacct
Jun 12 17:10:16 amlogic kernel: [    0.020883] Initializing cgroup subsys memory
Jun 12 17:10:16 amlogic kernel: [    0.021269] Initializing cgroup subsys devices
Jun 12 17:10:16 amlogic kernel: [    0.021353] Initializing cgroup subsys freezer
Jun 12 17:10:16 amlogic kernel: [    0.021421] Initializing cgroup subsys net_cls
Jun 12 17:10:16 amlogic kernel: [    0.021461] Initializing cgroup subsys blkio
Jun 12 17:10:16 amlogic kernel: [    0.021530] Initializing cgroup subsys perf_event
Jun 12 17:10:16 amlogic kernel: [    0.022269] Disabled fast string operations
Jun 12 17:10:16 amlogic kernel: [    0.022738] mce: CPU supports 0 MCE banks
Jun 12 17:10:16 amlogic kernel: [    0.056856] SMP alternatives: switching to UP code
Jun 12 17:10:16 amlogic kernel: [    0.240327] Freeing SMP alternatives: 24k freed
Jun 12 17:10:16 amlogic kernel: [    0.241260] ACPI: Core revision 20110413
Jun 12 17:10:16 amlogic kernel: [    0.276631] ftrace: allocating 24885 entries in 49 pages
Jun 12 17:10:16 amlogic kernel: [    0.292429] Enabling APIC mode:  Flat.  Using 1 I/O APICs
Jun 12 17:10:16 amlogic kernel: [    0.296727] ..TIMER: vector=0x30 apic1=0 pin1=2 apic2=-1 pin2=-1
Jun 12 17:10:16 amlogic kernel: [    0.337165] CPU0: Intel(R) Pentium(R) Dual  CPU  E2180  @ 2.00GHz stepping 0d
Jun 12 17:10:16 amlogic kernel: [    0.340020] Performance Events: Core2 events, Broken PMU hardware detected, using software events only.
Jun 12 17:10:16 amlogic kernel: [    0.368726] Brought up 1 CPUs
Jun 12 17:10:16 amlogic kernel: [    0.368802] Total of 1 processors activated (3990.10 BogoMIPS).
Jun 12 17:10:16 amlogic kernel: [    0.369875] x86 PAT enabled: cpu 0, old 0x0, new 0x7010600070106
Jun 12 17:10:16 amlogic kernel: [    0.379238] devtmpfs: initialized
Jun 12 17:10:16 amlogic kernel: [    0.384717] PM: Registering ACPI NVS region at 3feff000 (4096 bytes)
Jun 12 17:10:16 amlogic kernel: [    0.392537] print_constraints: dummy: 
Jun 12 17:10:16 amlogic kernel: [    0.393238] Time:  9:10:01  Date: 06/12/12
Jun 12 17:10:16 amlogic kernel: [    0.394723] NET: Registered protocol family 16
Jun 12 17:10:16 amlogic kernel: [    0.398021] EISA bus registered
Jun 12 17:10:16 amlogic kernel: [    0.398290] ACPI: bus type pci registered
Jun 12 17:10:16 amlogic kernel: [    0.400557] PCI: MMCONFIG for domain 0000 [bus 00-ff] at [mem 0xe0000000-0xefffffff] (base 0xe0000000)
Jun 12 17:10:16 amlogic kernel: [    0.400805] PCI: MMCONFIG at [mem 0xe0000000-0xefffffff] reserved in E820
Jun 12 17:10:16 amlogic kernel: [    0.400857] PCI: Using MMCONFIG for extended config space
Jun 12 17:10:16 amlogic kernel: [    0.400923] PCI: Using configuration type 1 for base access
Jun 12 17:10:16 amlogic kernel: [    0.407701] bio: create slab <bio-0> at 0
Jun 12 17:10:16 amlogic kernel: [    0.421718] ACPI: EC: Look up EC in DSDT
Jun 12 17:10:16 amlogic kernel: [    0.463708] [Firmware Bug]: ACPI: BIOS _OSI(Linux) query ignored
Jun 12 17:10:16 amlogic kernel: [    0.474184] ACPI: Interpreter enabled
Jun 12 17:10:16 amlogic kernel: [    0.474225] ACPI: (supports S0 S1 S4 S5)
Jun 12 17:10:16 amlogic kernel: [    0.475260] ACPI: Using IOAPIC for interrupt routing
Jun 12 17:10:16 amlogic kernel: [    0.590413] ACPI: No dock devices found.
Jun 12 17:10:16 amlogic kernel: [    0.590475] HEST: Table not found.
Jun 12 17:10:16 amlogic kernel: [    0.590602] PCI: Using host bridge windows from ACPI; if necessary, use "pci=nocrs" and report a bug
Jun 12 17:10:16 amlogic kernel: [    0.595464] ACPI: PCI Root Bridge [PCI0] (domain 0000 [bus 00-ff])
Jun 12 17:10:16 amlogic kernel: [    0.601221] pci_root PNP0A03:00: host bridge window [mem 0x000a0000-0x000bffff]
Jun 12 17:10:16 amlogic kernel: [    0.601246] pci_root PNP0A03:00: host bridge window [mem 0x000cc000-0x000cffff]
Jun 12 17:10:16 amlogic kernel: [    0.601252] pci_root PNP0A03:00: host bridge window [mem 0x000d0000-0x000d3fff]
Jun 12 17:10:16 amlogic kernel: [    0.601257] pci_root PNP0A03:00: host bridge window [mem 0x000d4000-0x000d7fff]
Jun 12 17:10:16 amlogic kernel: [    0.601262] pci_root PNP0A03:00: host bridge window [mem 0x000d8000-0x000dbfff]
Jun 12 17:10:16 amlogic kernel: [    0.601267] pci_root PNP0A03:00: host bridge window [mem 0x000e4000-0x000e7fff]
Jun 12 17:10:16 amlogic kernel: [    0.601272] pci_root PNP0A03:00: host bridge window [mem 0x40000000-0xfebfffff]
Jun 12 17:10:16 amlogic kernel: [    0.601311] pci_root PNP0A03:00: host bridge window [io  0x0000-0x0cf7]
Jun 12 17:10:16 amlogic kernel: [    0.601317] pci_root PNP0A03:00: host bridge window [io  0x0d00-0xfeff]
Jun 12 17:10:16 amlogic kernel: [    0.602411] pci 0000:00:00.0: [8086:7190] type 0 class 0x000600
Jun 12 17:10:16 amlogic kernel: [    0.604319] pci 0000:00:01.0: [8086:7191] type 1 class 0x000604
Jun 12 17:10:16 amlogic kernel: [    0.604901] pci 0000:00:07.0: [8086:7110] type 0 class 0x000601
Jun 12 17:10:16 amlogic kernel: [    0.605499] pci 0000:00:07.1: [8086:7111] type 0 class 0x000101
Jun 12 17:10:16 amlogic kernel: [    0.608103] pci 0000:00:07.1: reg 20: [io  0x10c0-0x10cf]
Jun 12 17:10:16 amlogic kernel: [    0.609446] pci 0000:00:07.3: [8086:7113] type 0 class 0x000680
Jun 12 17:10:16 amlogic kernel: [    0.610214] pci 0000:00:07.3: quirk: [io  0x1000-0x103f] claimed by PIIX4 ACPI
Jun 12 17:10:16 amlogic kernel: [    0.610285] pci 0000:00:07.3: quirk: [io  0x1040-0x104f] claimed by PIIX4 SMB
Jun 12 17:10:16 amlogic kernel: [    0.610558] pci 0000:00:07.7: [15ad:0740] type 0 class 0x000880
Jun 12 17:10:16 amlogic kernel: [    0.611147] pci 0000:00:07.7: reg 10: [io  0x1080-0x10bf]
Jun 12 17:10:16 amlogic kernel: [    0.615015] pci 0000:00:0f.0: [15ad:0405] type 0 class 0x000300
Jun 12 17:10:16 amlogic kernel: [    0.616949] pci 0000:00:0f.0: reg 10: [io  0x10d0-0x10df]
Jun 12 17:10:16 amlogic kernel: [    0.620964] pci 0000:00:0f.0: reg 14: [mem 0xd0000000-0xd7ffffff]
Jun 12 17:10:16 amlogic kernel: [    0.624906] pci 0000:00:0f.0: reg 18: [mem 0xd8000000-0xd87fffff]
Jun 12 17:10:16 amlogic kernel: [    0.640960] pci 0000:00:0f.0: reg 30: [mem 0x00000000-0x00007fff pref]
Jun 12 17:10:16 amlogic kernel: [    0.641781] pci 0000:00:10.0: [1000:0030] type 0 class 0x000100
Jun 12 17:10:16 amlogic kernel: [    0.644548] pci 0000:00:10.0: reg 10: [io  0x1400-0x14ff]
Jun 12 17:10:16 amlogic kernel: [    0.645866] pci 0000:00:10.0: reg 14: [mem 0xd8820000-0xd883ffff 64bit]
Jun 12 17:10:16 amlogic kernel: [    0.647092] pci 0000:00:10.0: reg 1c: [mem 0xd8800000-0xd881ffff 64bit]
Jun 12 17:10:16 amlogic kernel: [    0.649002] pci 0000:00:10.0: reg 30: [mem 0x00000000-0x00003fff pref]
Jun 12 17:10:16 amlogic kernel: [    0.649166] pci 0000:00:11.0: [15ad:0790] type 1 class 0x000604
Jun 12 17:10:16 amlogic kernel: [    0.649818] pci 0000:00:15.0: [15ad:07a0] type 1 class 0x000604
Jun 12 17:10:16 amlogic kernel: [    0.650500] pci 0000:00:15.0: PME# supported from D0 D3hot D3cold
Jun 12 17:10:16 amlogic kernel: [    0.650663] pci 0000:00:15.0: PME# disabled
Jun 12 17:10:16 amlogic kernel: [    0.650974] pci 0000:00:15.1: [15ad:07a0] type 1 class 0x000604
Jun 12 17:10:16 amlogic kernel: [    0.651480] pci 0000:00:15.1: PME# supported from D0 D3hot D3cold
Jun 12 17:10:16 amlogic kernel: [    0.651505] pci 0000:00:15.1: PME# disabled
Jun 12 17:10:16 amlogic kernel: [    0.652086] pci 0000:00:15.2: [15ad:07a0] type 1 class 0x000604
Jun 12 17:10:16 amlogic kernel: [    0.652592] pci 0000:00:15.2: PME# supported from D0 D3hot D3cold
Jun 12 17:10:16 amlogic kernel: [    0.652616] pci 0000:00:15.2: PME# disabled
Jun 12 17:10:16 amlogic kernel: [    0.652992] pci 0000:00:15.3: [15ad:07a0] type 1 class 0x000604
Jun 12 17:10:16 amlogic kernel: [    0.653499] pci 0000:00:15.3: PME# supported from D0 D3hot D3cold
Jun 12 17:10:16 amlogic kernel: [    0.653524] pci 0000:00:15.3: PME# disabled
Jun 12 17:10:16 amlogic kernel: [    0.653739] pci 0000:00:15.4: [15ad:07a0] type 1 class 0x000604
Jun 12 17:10:16 amlogic kernel: [    0.654242] pci 0000:00:15.4: PME# supported from D0 D3hot D3cold
Jun 12 17:10:16 amlogic kernel: [    0.654266] pci 0000:00:15.4: PME# disabled
Jun 12 17:10:16 amlogic kernel: [    0.654481] pci 0000:00:15.5: [15ad:07a0] type 1 class 0x000604
Jun 12 17:10:16 amlogic kernel: [    0.654986] pci 0000:00:15.5: PME# supported from D0 D3hot D3cold
Jun 12 17:10:16 amlogic kernel: [    0.655011] pci 0000:00:15.5: PME# disabled
Jun 12 17:10:16 amlogic kernel: [    0.655225] pci 0000:00:15.6: [15ad:07a0] type 1 class 0x000604
Jun 12 17:10:16 amlogic kernel: [    0.655727] pci 0000:00:15.6: PME# supported from D0 D3hot D3cold
Jun 12 17:10:16 amlogic kernel: [    0.655751] pci 0000:00:15.6: PME# disabled
Jun 12 17:10:16 amlogic kernel: [    0.655966] pci 0000:00:15.7: [15ad:07a0] type 1 class 0x000604
Jun 12 17:10:16 amlogic kernel: [    0.656527] pci 0000:00:15.7: PME# supported from D0 D3hot D3cold
Jun 12 17:10:16 amlogic kernel: [    0.656552] pci 0000:00:15.7: PME# disabled
Jun 12 17:10:16 amlogic kernel: [    0.656766] pci 0000:00:16.0: [15ad:07a0] type 1 class 0x000604
Jun 12 17:10:16 amlogic kernel: [    0.657270] pci 0000:00:16.0: PME# supported from D0 D3hot D3cold
Jun 12 17:10:16 amlogic kernel: [    0.657295] pci 0000:00:16.0: PME# disabled
Jun 12 17:10:16 amlogic kernel: [    0.657509] pci 0000:00:16.1: [15ad:07a0] type 1 class 0x000604
Jun 12 17:10:16 amlogic kernel: [    0.658011] pci 0000:00:16.1: PME# supported from D0 D3hot D3cold
Jun 12 17:10:16 amlogic kernel: [    0.658036] pci 0000:00:16.1: PME# disabled
Jun 12 17:10:16 amlogic kernel: [    0.658250] pci 0000:00:16.2: [15ad:07a0] type 1 class 0x000604
Jun 12 17:10:16 amlogic kernel: [    0.658752] pci 0000:00:16.2: PME# supported from D0 D3hot D3cold
Jun 12 17:10:16 amlogic kernel: [    0.658776] pci 0000:00:16.2: PME# disabled
Jun 12 17:10:16 amlogic kernel: [    0.659445] pci 0000:00:16.3: [15ad:07a0] type 1 class 0x000604
Jun 12 17:10:16 amlogic kernel: [    0.659978] pci 0000:00:16.3: PME# supported from D0 D3hot D3cold
Jun 12 17:10:16 amlogic kernel: [    0.660056] pci 0000:00:16.3: PME# disabled
Jun 12 17:10:16 amlogic kernel: [    0.660281] pci 0000:00:16.4: [15ad:07a0] type 1 class 0x000604
Jun 12 17:10:16 amlogic kernel: [    0.660787] pci 0000:00:16.4: PME# supported from D0 D3hot D3cold
Jun 12 17:10:16 amlogic kernel: [    0.660812] pci 0000:00:16.4: PME# disabled
Jun 12 17:10:16 amlogic kernel: [    0.661026] pci 0000:00:16.5: [15ad:07a0] type 1 class 0x000604
Jun 12 17:10:16 amlogic kernel: [    0.661526] pci 0000:00:16.5: PME# supported from D0 D3hot D3cold
Jun 12 17:10:16 amlogic kernel: [    0.661551] pci 0000:00:16.5: PME# disabled
Jun 12 17:10:16 amlogic kernel: [    0.661764] pci 0000:00:16.6: [15ad:07a0] type 1 class 0x000604
Jun 12 17:10:16 amlogic kernel: [    0.662265] pci 0000:00:16.6: PME# supported from D0 D3hot D3cold
Jun 12 17:10:16 amlogic kernel: [    0.662290] pci 0000:00:16.6: PME# disabled
Jun 12 17:10:16 amlogic kernel: [    0.662504] pci 0000:00:16.7: [15ad:07a0] type 1 class 0x000604
Jun 12 17:10:16 amlogic kernel: [    0.663008] pci 0000:00:16.7: PME# supported from D0 D3hot D3cold
Jun 12 17:10:16 amlogic kernel: [    0.663032] pci 0000:00:16.7: PME# disabled
Jun 12 17:10:16 amlogic kernel: [    0.663246] pci 0000:00:17.0: [15ad:07a0] type 1 class 0x000604
Jun 12 17:10:16 amlogic kernel: [    0.663748] pci 0000:00:17.0: PME# supported from D0 D3hot D3cold
Jun 12 17:10:16 amlogic kernel: [    0.663772] pci 0000:00:17.0: PME# disabled
Jun 12 17:10:16 amlogic kernel: [    0.663987] pci 0000:00:17.1: [15ad:07a0] type 1 class 0x000604
Jun 12 17:10:16 amlogic kernel: [    0.664534] pci 0000:00:17.1: PME# supported from D0 D3hot D3cold
Jun 12 17:10:16 amlogic kernel: [    0.664559] pci 0000:00:17.1: PME# disabled
Jun 12 17:10:16 amlogic kernel: [    0.664777] pci 0000:00:17.2: [15ad:07a0] type 1 class 0x000604
Jun 12 17:10:16 amlogic kernel: [    0.665282] pci 0000:00:17.2: PME# supported from D0 D3hot D3cold
Jun 12 17:10:16 amlogic kernel: [    0.665306] pci 0000:00:17.2: PME# disabled
Jun 12 17:10:16 amlogic kernel: [    0.665658] pci 0000:00:17.3: [15ad:07a0] type 1 class 0x000604
Jun 12 17:10:16 amlogic kernel: [    0.666162] pci 0000:00:17.3: PME# supported from D0 D3hot D3cold
Jun 12 17:10:16 amlogic kernel: [    0.666187] pci 0000:00:17.3: PME# disabled
Jun 12 17:10:16 amlogic kernel: [    0.666402] pci 0000:00:17.4: [15ad:07a0] type 1 class 0x000604
Jun 12 17:10:16 amlogic kernel: [    0.666906] pci 0000:00:17.4: PME# supported from D0 D3hot D3cold
Jun 12 17:10:16 amlogic kernel: [    0.666931] pci 0000:00:17.4: PME# disabled
Jun 12 17:10:16 amlogic kernel: [    0.667145] pci 0000:00:17.5: [15ad:07a0] type 1 class 0x000604
Jun 12 17:10:16 amlogic kernel: [    0.667646] pci 0000:00:17.5: PME# supported from D0 D3hot D3cold
Jun 12 17:10:16 amlogic kernel: [    0.667670] pci 0000:00:17.5: PME# disabled
Jun 12 17:10:16 amlogic kernel: [    0.667886] pci 0000:00:17.6: [15ad:07a0] type 1 class 0x000604
Jun 12 17:10:16 amlogic kernel: [    0.668485] pci 0000:00:17.6: PME# supported from D0 D3hot D3cold
Jun 12 17:10:16 amlogic kernel: [    0.668510] pci 0000:00:17.6: PME# disabled
Jun 12 17:10:16 amlogic kernel: [    0.668724] pci 0000:00:17.7: [15ad:07a0] type 1 class 0x000604
Jun 12 17:10:16 amlogic kernel: [    0.669228] pci 0000:00:17.7: PME# supported from D0 D3hot D3cold
Jun 12 17:10:16 amlogic kernel: [    0.669253] pci 0000:00:17.7: PME# disabled
Jun 12 17:10:16 amlogic kernel: [    0.669467] pci 0000:00:18.0: [15ad:07a0] type 1 class 0x000604
Jun 12 17:10:16 amlogic kernel: [    0.669967] pci 0000:00:18.0: PME# supported from D0 D3hot D3cold
Jun 12 17:10:16 amlogic kernel: [    0.669991] pci 0000:00:18.0: PME# disabled
Jun 12 17:10:16 amlogic kernel: [    0.670205] pci 0000:00:18.1: [15ad:07a0] type 1 class 0x000604
Jun 12 17:10:16 amlogic kernel: [    0.670709] pci 0000:00:18.1: PME# supported from D0 D3hot D3cold
Jun 12 17:10:16 amlogic kernel: [    0.670734] pci 0000:00:18.1: PME# disabled
Jun 12 17:10:16 amlogic kernel: [    0.670947] pci 0000:00:18.2: [15ad:07a0] type 1 class 0x000604
Jun 12 17:10:16 amlogic kernel: [    0.671449] pci 0000:00:18.2: PME# supported from D0 D3hot D3cold
Jun 12 17:10:16 amlogic kernel: [    0.671473] pci 0000:00:18.2: PME# disabled
Jun 12 17:10:16 amlogic kernel: [    0.671777] pci 0000:00:18.3: [15ad:07a0] type 1 class 0x000604
Jun 12 17:10:16 amlogic kernel: [    0.672325] pci 0000:00:18.3: PME# supported from D0 D3hot D3cold
Jun 12 17:10:16 amlogic kernel: [    0.672350] pci 0000:00:18.3: PME# disabled
Jun 12 17:10:16 amlogic kernel: [    0.672565] pci 0000:00:18.4: [15ad:07a0] type 1 class 0x000604
Jun 12 17:10:16 amlogic kernel: [    0.673070] pci 0000:00:18.4: PME# supported from D0 D3hot D3cold
Jun 12 17:10:16 amlogic kernel: [    0.673095] pci 0000:00:18.4: PME# disabled
Jun 12 17:10:16 amlogic kernel: [    0.673308] pci 0000:00:18.5: [15ad:07a0] type 1 class 0x000604
Jun 12 17:10:16 amlogic kernel: [    0.673808] pci 0000:00:18.5: PME# supported from D0 D3hot D3cold
Jun 12 17:10:16 amlogic kernel: [    0.673833] pci 0000:00:18.5: PME# disabled
Jun 12 17:10:16 amlogic kernel: [    0.674046] pci 0000:00:18.6: [15ad:07a0] type 1 class 0x000604
Jun 12 17:10:16 amlogic kernel: [    0.674556] pci 0000:00:18.6: PME# supported from D0 D3hot D3cold
Jun 12 17:10:16 amlogic kernel: [    0.674581] pci 0000:00:18.6: PME# disabled
Jun 12 17:10:16 amlogic kernel: [    0.674794] pci 0000:00:18.7: [15ad:07a0] type 1 class 0x000604
Jun 12 17:10:16 amlogic kernel: [    0.675295] pci 0000:00:18.7: PME# supported from D0 D3hot D3cold
Jun 12 17:10:16 amlogic kernel: [    0.675319] pci 0000:00:18.7: PME# disabled
Jun 12 17:10:16 amlogic kernel: [    0.676470] pci 0000:00:01.0: PCI bridge to [bus 01-01]
Jun 12 17:10:16 amlogic kernel: [    0.676589] pci 0000:00:01.0:   bridge window [io  0xf000-0x0000] (disabled)
Jun 12 17:10:16 amlogic kernel: [    0.676667] pci 0000:00:01.0:   bridge window [mem 0xfff00000-0x000fffff] (disabled)
Jun 12 17:10:16 amlogic kernel: [    0.676752] pci 0000:00:01.0:   bridge window [mem 0xfff00000-0x000fffff pref] (disabled)
Jun 12 17:10:16 amlogic kernel: [    0.677105] pci 0000:02:00.0: [8086:7112] type 0 class 0x000c03
Jun 12 17:10:16 amlogic kernel: [    0.679440] pci 0000:02:00.0: reg 20: [io  0x20c0-0x20df]
Jun 12 17:10:16 amlogic kernel: [    0.680513] pci 0000:02:01.0: [1022:2000] type 0 class 0x000200
Jun 12 17:10:16 amlogic kernel: [    0.681065] pci 0000:02:01.0: reg 10: [io  0x2000-0x207f]
Jun 12 17:10:16 amlogic kernel: [    0.684590] pci 0000:02:01.0: reg 30: [mem 0x00000000-0x0000ffff pref]
Jun 12 17:10:16 amlogic kernel: [    0.684714] pci 0000:02:02.0: [1274:1371] type 0 class 0x000401
Jun 12 17:10:16 amlogic kernel: [    0.685265] pci 0000:02:02.0: reg 10: [io  0x2080-0x20bf]
Jun 12 17:10:16 amlogic kernel: [    0.688653] pci 0000:02:03.0: [15ad:0770] type 0 class 0x000c03
Jun 12 17:10:16 amlogic kernel: [    0.689054] pci 0000:02:03.0: reg 10: [mem 0xd8900000-0xd8900fff]
Jun 12 17:10:16 amlogic kernel: [    0.691194] pci 0000:00:11.0: PCI bridge to [bus 02-02] (subtractive decode)
Jun 12 17:10:16 amlogic kernel: [    0.691259] pci 0000:00:11.0:   bridge window [io  0x2000-0x3fff]
Jun 12 17:10:16 amlogic kernel: [    0.691310] pci 0000:00:11.0:   bridge window [mem 0xd8900000-0xd9cfffff]
Jun 12 17:10:16 amlogic kernel: [    0.691413] pci 0000:00:11.0:   bridge window [mem 0xdc400000-0xdc9fffff 64bit pref]
Jun 12 17:10:16 amlogic kernel: [    0.691467] pci 0000:00:11.0:   bridge window [mem 0x000a0000-0x000bffff] (subtractive decode)
Jun 12 17:10:16 amlogic kernel: [    0.691475] pci 0000:00:11.0:   bridge window [mem 0x000cc000-0x000cffff] (subtractive decode)
Jun 12 17:10:16 amlogic kernel: [    0.691481] pci 0000:00:11.0:   bridge window [mem 0x000d0000-0x000d3fff] (subtractive decode)
Jun 12 17:10:16 amlogic kernel: [    0.691486] pci 0000:00:11.0:   bridge window [mem 0x000d4000-0x000d7fff] (subtractive decode)
Jun 12 17:10:16 amlogic kernel: [    0.691491] pci 0000:00:11.0:   bridge window [mem 0x000d8000-0x000dbfff] (subtractive decode)
Jun 12 17:10:16 amlogic kernel: [    0.691497] pci 0000:00:11.0:   bridge window [mem 0x000e4000-0x000e7fff] (subtractive decode)
Jun 12 17:10:16 amlogic kernel: [    0.691502] pci 0000:00:11.0:   bridge window [mem 0x40000000-0xfebfffff] (subtractive decode)
Jun 12 17:10:16 amlogic kernel: [    0.691508] pci 0000:00:11.0:   bridge window [io  0x0000-0x0cf7] (subtractive decode)
Jun 12 17:10:16 amlogic kernel: [    0.691513] pci 0000:00:11.0:   bridge window [io  0x0d00-0xfeff] (subtractive decode)
Jun 12 17:10:16 amlogic kernel: [    0.692206] pci 0000:00:15.0: PCI bridge to [bus 03-03]
Jun 12 17:10:16 amlogic kernel: [    0.692238] pci 0000:00:15.0:   bridge window [io  0x4000-0x4fff]
Jun 12 17:10:16 amlogic kernel: [    0.692264] pci 0000:00:15.0:   bridge window [mem 0xd9d00000-0xd9dfffff]
Jun 12 17:10:16 amlogic kernel: [    0.692308] pci 0000:00:15.0:   bridge window [mem 0xdca00000-0xdcafffff 64bit pref]
Jun 12 17:10:16 amlogic kernel: [    0.692786] pci 0000:00:15.1: PCI bridge to [bus 04-04]
Jun 12 17:10:16 amlogic kernel: [    0.692811] pci 0000:00:15.1:   bridge window [io  0x8000-0x8fff]
Jun 12 17:10:16 amlogic kernel: [    0.692836] pci 0000:00:15.1:   bridge window [mem 0xda100000-0xda1fffff]
Jun 12 17:10:16 amlogic kernel: [    0.692880] pci 0000:00:15.1:   bridge window [mem 0xdce00000-0xdcefffff 64bit pref]
Jun 12 17:10:16 amlogic kernel: [    0.693341] pci 0000:00:15.2: PCI bridge to [bus 05-05]
Jun 12 17:10:16 amlogic kernel: [    0.693366] pci 0000:00:15.2:   bridge window [io  0xc000-0xcfff]
Jun 12 17:10:16 amlogic kernel: [    0.693391] pci 0000:00:15.2:   bridge window [mem 0xda500000-0xda5fffff]
Jun 12 17:10:16 amlogic kernel: [    0.693435] pci 0000:00:15.2:   bridge window [mem 0xdd200000-0xdd2fffff 64bit pref]
Jun 12 17:10:16 amlogic kernel: [    0.693890] pci 0000:00:15.3: PCI bridge to [bus 06-06]
Jun 12 17:10:16 amlogic kernel: [    0.693915] pci 0000:00:15.3:   bridge window [io  0xf000-0x0000] (disabled)
Jun 12 17:10:16 amlogic kernel: [    0.693940] pci 0000:00:15.3:   bridge window [mem 0xda900000-0xda9fffff]
Jun 12 17:10:16 amlogic kernel: [    0.693983] pci 0000:00:15.3:   bridge window [mem 0xdd600000-0xdd6fffff 64bit pref]
Jun 12 17:10:16 amlogic kernel: [    0.694821] pci 0000:00:15.4: PCI bridge to [bus 07-07]
Jun 12 17:10:16 amlogic kernel: [    0.694847] pci 0000:00:15.4:   bridge window [io  0xf000-0x0000] (disabled)
Jun 12 17:10:16 amlogic kernel: [    0.694873] pci 0000:00:15.4:   bridge window [mem 0xdad00000-0xdadfffff]
Jun 12 17:10:16 amlogic kernel: [    0.694917] pci 0000:00:15.4:   bridge window [mem 0xdda00000-0xddafffff 64bit pref]
Jun 12 17:10:16 amlogic kernel: [    0.695419] pci 0000:00:15.5: PCI bridge to [bus 08-08]
Jun 12 17:10:16 amlogic kernel: [    0.695443] pci 0000:00:15.5:   bridge window [io  0xf000-0x0000] (disabled)
Jun 12 17:10:16 amlogic kernel: [    0.695469] pci 0000:00:15.5:   bridge window [mem 0xdb100000-0xdb1fffff]
Jun 12 17:10:16 amlogic kernel: [    0.695512] pci 0000:00:15.5:   bridge window [mem 0xdde00000-0xddefffff 64bit pref]
Jun 12 17:10:16 amlogic kernel: [    0.695973] pci 0000:00:15.6: PCI bridge to [bus 09-09]
Jun 12 17:10:16 amlogic kernel: [    0.696072] pci 0000:00:15.6:   bridge window [io  0xf000-0x0000] (disabled)
Jun 12 17:10:16 amlogic kernel: [    0.696098] pci 0000:00:15.6:   bridge window [mem 0xdb500000-0xdb5fffff]
Jun 12 17:10:16 amlogic kernel: [    0.696170] pci 0000:00:15.6:   bridge window [mem 0xde200000-0xde2fffff 64bit pref]
Jun 12 17:10:16 amlogic kernel: [    0.696641] pci 0000:00:15.7: PCI bridge to [bus 0a-0a]
Jun 12 17:10:16 amlogic kernel: [    0.696666] pci 0000:00:15.7:   bridge window [io  0xf000-0x0000] (disabled)
Jun 12 17:10:16 amlogic kernel: [    0.696691] pci 0000:00:15.7:   bridge window [mem 0xdb900000-0xdb9fffff]
Jun 12 17:10:16 amlogic kernel: [    0.696735] pci 0000:00:15.7:   bridge window [mem 0xde600000-0xde6fffff 64bit pref]
Jun 12 17:10:16 amlogic kernel: [    0.697192] pci 0000:00:16.0: PCI bridge to [bus 0b-0b]
Jun 12 17:10:16 amlogic kernel: [    0.697216] pci 0000:00:16.0:   bridge window [io  0x5000-0x5fff]
Jun 12 17:10:16 amlogic kernel: [    0.697242] pci 0000:00:16.0:   bridge window [mem 0xd9e00000-0xd9efffff]
Jun 12 17:10:16 amlogic kernel: [    0.697285] pci 0000:00:16.0:   bridge window [mem 0xdcb00000-0xdcbfffff 64bit pref]
Jun 12 17:10:16 amlogic kernel: [    0.697742] pci 0000:00:16.1: PCI bridge to [bus 0c-0c]
Jun 12 17:10:16 amlogic kernel: [    0.697767] pci 0000:00:16.1:   bridge window [io  0x9000-0x9fff]
Jun 12 17:10:16 amlogic kernel: [    0.697792] pci 0000:00:16.1:   bridge window [mem 0xda200000-0xda2fffff]
Jun 12 17:10:16 amlogic kernel: [    0.697836] pci 0000:00:16.1:   bridge window [mem 0xdcf00000-0xdcffffff 64bit pref]
Jun 12 17:10:16 amlogic kernel: [    0.698314] pci 0000:00:16.2: PCI bridge to [bus 0d-0d]
Jun 12 17:10:16 amlogic kernel: [    0.698340] pci 0000:00:16.2:   bridge window [io  0xd000-0xdfff]
Jun 12 17:10:16 amlogic kernel: [    0.698365] pci 0000:00:16.2:   bridge window [mem 0xda600000-0xda6fffff]
Jun 12 17:10:16 amlogic kernel: [    0.698409] pci 0000:00:16.2:   bridge window [mem 0xdd300000-0xdd3fffff 64bit pref]
Jun 12 17:10:16 amlogic kernel: [    0.698874] pci 0000:00:16.3: PCI bridge to [bus 0e-0e]
Jun 12 17:10:16 amlogic kernel: [    0.698898] pci 0000:00:16.3:   bridge window [io  0xf000-0x0000] (disabled)
Jun 12 17:10:16 amlogic kernel: [    0.698923] pci 0000:00:16.3:   bridge window [mem 0xdaa00000-0xdaafffff]
Jun 12 17:10:16 amlogic kernel: [    0.698967] pci 0000:00:16.3:   bridge window [mem 0xdd700000-0xdd7fffff 64bit pref]
Jun 12 17:10:16 amlogic kernel: [    0.699484] pci 0000:00:16.4: PCI bridge to [bus 0f-0f]
Jun 12 17:10:16 amlogic kernel: [    0.699508] pci 0000:00:16.4:   bridge window [io  0xf000-0x0000] (disabled)
Jun 12 17:10:16 amlogic kernel: [    0.699534] pci 0000:00:16.4:   bridge window [mem 0xdae00000-0xdaefffff]
Jun 12 17:10:16 amlogic kernel: [    0.699578] pci 0000:00:16.4:   bridge window [mem 0xddb00000-0xddbfffff 64bit pref]
Jun 12 17:10:16 amlogic kernel: [    0.700109] pci 0000:00:16.5: PCI bridge to [bus 10-10]
Jun 12 17:10:16 amlogic kernel: [    0.700134] pci 0000:00:16.5:   bridge window [io  0xf000-0x0000] (disabled)
Jun 12 17:10:16 amlogic kernel: [    0.700166] pci 0000:00:16.5:   bridge window [mem 0xdb200000-0xdb2fffff]
Jun 12 17:10:16 amlogic kernel: [    0.700210] pci 0000:00:16.5:   bridge window [mem 0xddf00000-0xddffffff 64bit pref]
Jun 12 17:10:16 amlogic kernel: [    0.700681] pci 0000:00:16.6: PCI bridge to [bus 11-11]
Jun 12 17:10:16 amlogic kernel: [    0.700706] pci 0000:00:16.6:   bridge window [io  0xf000-0x0000] (disabled)
Jun 12 17:10:16 amlogic kernel: [    0.700731] pci 0000:00:16.6:   bridge window [mem 0xdb600000-0xdb6fffff]
Jun 12 17:10:16 amlogic kernel: [    0.700775] pci 0000:00:16.6:   bridge window [mem 0xde300000-0xde3fffff 64bit pref]
Jun 12 17:10:16 amlogic kernel: [    0.701235] pci 0000:00:16.7: PCI bridge to [bus 12-12]
Jun 12 17:10:16 amlogic kernel: [    0.701259] pci 0000:00:16.7:   bridge window [io  0xf000-0x0000] (disabled)
Jun 12 17:10:16 amlogic kernel: [    0.701284] pci 0000:00:16.7:   bridge window [mem 0xdba00000-0xdbafffff]
Jun 12 17:10:16 amlogic kernel: [    0.701328] pci 0000:00:16.7:   bridge window [mem 0xde700000-0xde7fffff 64bit pref]
Jun 12 17:10:16 amlogic kernel: [    0.701786] pci 0000:00:17.0: PCI bridge to [bus 13-13]
Jun 12 17:10:16 amlogic kernel: [    0.701811] pci 0000:00:17.0:   bridge window [io  0x6000-0x6fff]
Jun 12 17:10:16 amlogic kernel: [    0.701836] pci 0000:00:17.0:   bridge window [mem 0xd9f00000-0xd9ffffff]
Jun 12 17:10:16 amlogic kernel: [    0.701879] pci 0000:00:17.0:   bridge window [mem 0xdcc00000-0xdccfffff 64bit pref]
Jun 12 17:10:16 amlogic kernel: [    0.702338] pci 0000:00:17.1: PCI bridge to [bus 14-14]
Jun 12 17:10:16 amlogic kernel: [    0.702363] pci 0000:00:17.1:   bridge window [io  0xa000-0xafff]
Jun 12 17:10:16 amlogic kernel: [    0.702388] pci 0000:00:17.1:   bridge window [mem 0xda300000-0xda3fffff]
Jun 12 17:10:16 amlogic kernel: [    0.702432] pci 0000:00:17.1:   bridge window [mem 0xdd000000-0xdd0fffff 64bit pref]
Jun 12 17:10:16 amlogic kernel: [    0.702904] pci 0000:00:17.2: PCI bridge to [bus 15-15]
Jun 12 17:10:16 amlogic kernel: [    0.702935] pci 0000:00:17.2:   bridge window [io  0xe000-0xefff]
Jun 12 17:10:16 amlogic kernel: [    0.702961] pci 0000:00:17.2:   bridge window [mem 0xda700000-0xda7fffff]
Jun 12 17:10:16 amlogic kernel: [    0.703005] pci 0000:00:17.2:   bridge window [mem 0xdd400000-0xdd4fffff 64bit pref]
Jun 12 17:10:16 amlogic kernel: [    0.703506] pci 0000:00:17.3: PCI bridge to [bus 16-16]
Jun 12 17:10:16 amlogic kernel: [    0.703531] pci 0000:00:17.3:   bridge window [io  0xf000-0x0000] (disabled)
Jun 12 17:10:16 amlogic kernel: [    0.703556] pci 0000:00:17.3:   bridge window [mem 0xdab00000-0xdabfffff]
Jun 12 17:10:16 amlogic kernel: [    0.703600] pci 0000:00:17.3:   bridge window [mem 0xdd800000-0xdd8fffff 64bit pref]
Jun 12 17:10:16 amlogic kernel: [    0.704191] pci 0000:00:17.4: PCI bridge to [bus 17-17]
Jun 12 17:10:16 amlogic kernel: [    0.704217] pci 0000:00:17.4:   bridge window [io  0xf000-0x0000] (disabled)
Jun 12 17:10:16 amlogic kernel: [    0.704242] pci 0000:00:17.4:   bridge window [mem 0xdaf00000-0xdaffffff]
Jun 12 17:10:16 amlogic kernel: [    0.704286] pci 0000:00:17.4:   bridge window [mem 0xddc00000-0xddcfffff 64bit pref]
Jun 12 17:10:16 amlogic kernel: [    0.704809] pci 0000:00:17.5: PCI bridge to [bus 18-18]
Jun 12 17:10:16 amlogic kernel: [    0.704835] pci 0000:00:17.5:   bridge window [io  0xf000-0x0000] (disabled)
Jun 12 17:10:16 amlogic kernel: [    0.704860] pci 0000:00:17.5:   bridge window [mem 0xdb300000-0xdb3fffff]
Jun 12 17:10:16 amlogic kernel: [    0.704904] pci 0000:00:17.5:   bridge window [mem 0xde000000-0xde0fffff 64bit pref]
Jun 12 17:10:16 amlogic kernel: [    0.705613] pci 0000:00:17.6: PCI bridge to [bus 19-19]
Jun 12 17:10:16 amlogic kernel: [    0.705642] pci 0000:00:17.6:   bridge window [io  0xf000-0x0000] (disabled)
Jun 12 17:10:16 amlogic kernel: [    0.705668] pci 0000:00:17.6:   bridge window [mem 0xdb700000-0xdb7fffff]
Jun 12 17:10:16 amlogic kernel: [    0.705713] pci 0000:00:17.6:   bridge window [mem 0xde400000-0xde4fffff 64bit pref]
Jun 12 17:10:16 amlogic kernel: [    0.706445] pci 0000:00:17.7: PCI bridge to [bus 1a-1a]
Jun 12 17:10:16 amlogic kernel: [    0.706479] pci 0000:00:17.7:   bridge window [io  0xf000-0x0000] (disabled)
Jun 12 17:10:16 amlogic kernel: [    0.706505] pci 0000:00:17.7:   bridge window [mem 0xdbb00000-0xdbbfffff]
Jun 12 17:10:16 amlogic kernel: [    0.706549] pci 0000:00:17.7:   bridge window [mem 0xde800000-0xde8fffff 64bit pref]
Jun 12 17:10:16 amlogic kernel: [    0.707043] pci 0000:00:18.0: PCI bridge to [bus 1b-1b]
Jun 12 17:10:16 amlogic kernel: [    0.707068] pci 0000:00:18.0:   bridge window [io  0x7000-0x7fff]
Jun 12 17:10:16 amlogic kernel: [    0.707093] pci 0000:00:18.0:   bridge window [mem 0xda000000-0xda0fffff]
Jun 12 17:10:16 amlogic kernel: [    0.707137] pci 0000:00:18.0:   bridge window [mem 0xdcd00000-0xdcdfffff 64bit pref]
Jun 12 17:10:16 amlogic kernel: [    0.707888] pci 0000:00:18.1: PCI bridge to [bus 1c-1c]
Jun 12 17:10:16 amlogic kernel: [    0.707915] pci 0000:00:18.1:   bridge window [io  0xb000-0xbfff]
Jun 12 17:10:16 amlogic kernel: [    0.707940] pci 0000:00:18.1:   bridge window [mem 0xda400000-0xda4fffff]
Jun 12 17:10:16 amlogic kernel: [    0.707984] pci 0000:00:18.1:   bridge window [mem 0xdd100000-0xdd1fffff 64bit pref]
Jun 12 17:10:16 amlogic kernel: [    0.708499] pci 0000:00:18.2: PCI bridge to [bus 1d-1d]
Jun 12 17:10:16 amlogic kernel: [    0.708524] pci 0000:00:18.2:   bridge window [io  0xf000-0xffff]
Jun 12 17:10:16 amlogic kernel: [    0.708550] pci 0000:00:18.2:   bridge window [mem 0xda800000-0xda8fffff]
Jun 12 17:10:16 amlogic kernel: [    0.708607] pci 0000:00:18.2:   bridge window [mem 0xdd500000-0xdd5fffff 64bit pref]
Jun 12 17:10:16 amlogic kernel: [    0.709066] pci 0000:00:18.3: PCI bridge to [bus 1e-1e]
Jun 12 17:10:16 amlogic kernel: [    0.709091] pci 0000:00:18.3:   bridge window [io  0xf000-0x0000] (disabled)
Jun 12 17:10:16 amlogic kernel: [    0.709116] pci 0000:00:18.3:   bridge window [mem 0xdac00000-0xdacfffff]
Jun 12 17:10:16 amlogic kernel: [    0.709160] pci 0000:00:18.3:   bridge window [mem 0xdd900000-0xdd9fffff 64bit pref]
Jun 12 17:10:16 amlogic kernel: [    0.709697] pci 0000:00:18.4: PCI bridge to [bus 1f-1f]
Jun 12 17:10:16 amlogic kernel: [    0.709722] pci 0000:00:18.4:   bridge window [io  0xf000-0x0000] (disabled)
Jun 12 17:10:16 amlogic kernel: [    0.709747] pci 0000:00:18.4:   bridge window [mem 0xdb000000-0xdb0fffff]
Jun 12 17:10:16 amlogic kernel: [    0.709791] pci 0000:00:18.4:   bridge window [mem 0xddd00000-0xdddfffff 64bit pref]
Jun 12 17:10:16 amlogic kernel: [    0.710261] pci 0000:00:18.5: PCI bridge to [bus 20-20]
Jun 12 17:10:16 amlogic kernel: [    0.710285] pci 0000:00:18.5:   bridge window [io  0xf000-0x0000] (disabled)
Jun 12 17:10:16 amlogic kernel: [    0.710311] pci 0000:00:18.5:   bridge window [mem 0xdb400000-0xdb4fffff]
Jun 12 17:10:16 amlogic kernel: [    0.710354] pci 0000:00:18.5:   bridge window [mem 0xde100000-0xde1fffff 64bit pref]
Jun 12 17:10:16 amlogic kernel: [    0.710810] pci 0000:00:18.6: PCI bridge to [bus 21-21]
Jun 12 17:10:16 amlogic kernel: [    0.710834] pci 0000:00:18.6:   bridge window [io  0xf000-0x0000] (disabled)
Jun 12 17:10:16 amlogic kernel: [    0.710859] pci 0000:00:18.6:   bridge window [mem 0xdb800000-0xdb8fffff]
Jun 12 17:10:16 amlogic kernel: [    0.710903] pci 0000:00:18.6:   bridge window [mem 0xde500000-0xde5fffff 64bit pref]
Jun 12 17:10:16 amlogic kernel: [    0.711365] pci 0000:00:18.7: PCI bridge to [bus 22-22]
Jun 12 17:10:16 amlogic kernel: [    0.711390] pci 0000:00:18.7:   bridge window [io  0xf000-0x0000] (disabled)
Jun 12 17:10:16 amlogic kernel: [    0.711415] pci 0000:00:18.7:   bridge window [mem 0xdbc00000-0xdbcfffff]
Jun 12 17:10:16 amlogic kernel: [    0.711459] pci 0000:00:18.7:   bridge window [mem 0xde900000-0xde9fffff 64bit pref]
Jun 12 17:10:16 amlogic kernel: [    0.714173] pci_bus 0000:00: on NUMA node 0
Jun 12 17:10:16 amlogic kernel: [    0.714339] ACPI: PCI Interrupt Routing Table [\_SB_.PCI0._PRT]
Jun 12 17:10:16 amlogic kernel: [    0.718755]  pci0000:00: Requesting ACPI _OSC control (0x1d)
Jun 12 17:10:16 amlogic kernel: [    0.720289]  pci0000:00: ACPI _OSC control (0x15) granted
Jun 12 17:10:16 amlogic kernel: [    1.000948] ACPI: PCI Interrupt Link [LNKA] (IRQs 3 4 5 6 7 *9 10 11 14 15)
Jun 12 17:10:16 amlogic kernel: [    1.001348] ACPI: PCI Interrupt Link [LNKB] (IRQs 3 4 5 6 7 9 10 *11 14 15)
Jun 12 17:10:16 amlogic kernel: [    1.001551] ACPI: PCI Interrupt Link [LNKC] (IRQs 3 4 5 6 7 9 *10 11 14 15)
Jun 12 17:10:16 amlogic kernel: [    1.001743] ACPI: PCI Interrupt Link [LNKD] (IRQs 3 4 *5 6 7 9 10 11 14 15)
Jun 12 17:10:16 amlogic kernel: [    1.005028] vgaarb: device added: PCI:0000:00:0f.0,decodes=io+mem,owns=io+mem,locks=none
Jun 12 17:10:16 amlogic kernel: [    1.005125] vgaarb: loaded
Jun 12 17:10:16 amlogic kernel: [    1.005150] vgaarb: bridge control possible 0000:00:0f.0
Jun 12 17:10:16 amlogic kernel: [    1.007518] SCSI subsystem initialized
Jun 12 17:10:16 amlogic kernel: [    1.008447] libata version 3.00 loaded.
Jun 12 17:10:16 amlogic kernel: [    1.009138] usbcore: registered new interface driver usbfs
Jun 12 17:10:16 amlogic kernel: [    1.009387] usbcore: registered new interface driver hub
Jun 12 17:10:16 amlogic kernel: [    1.009706] usbcore: registered new device driver usb
Jun 12 17:10:16 amlogic kernel: [    1.011515] PCI: Using ACPI for IRQ routing
Jun 12 17:10:16 amlogic kernel: [    1.075278] PCI: pci_cache_line_size set to 64 bytes
Jun 12 17:10:16 amlogic kernel: [    1.075462] pci 0000:00:18.2: no compatible bridge window for [io  0xf000-0xffff]
Jun 12 17:10:16 amlogic kernel: [    1.076895] reserve RAM buffer: 000000000009f800 - 000000000009ffff 
Jun 12 17:10:16 amlogic kernel: [    1.077004] reserve RAM buffer: 000000003fef0000 - 000000003fffffff 
Jun 12 17:10:16 amlogic kernel: [    1.082249] NetLabel: Initializing
Jun 12 17:10:16 amlogic kernel: [    1.082267] NetLabel:  domain hash size = 128
Jun 12 17:10:16 amlogic kernel: [    1.082277] NetLabel:  protocols = UNLABELED CIPSOv4
Jun 12 17:10:16 amlogic kernel: [    1.083140] NetLabel:  unlabeled traffic allowed by default
Jun 12 17:10:16 amlogic kernel: [    1.131922] AppArmor: AppArmor Filesystem Enabled
Jun 12 17:10:16 amlogic kernel: [    1.132378] pnp: PnP ACPI init
Jun 12 17:10:16 amlogic kernel: [    1.132513] ACPI: bus type pnp registered
Jun 12 17:10:16 amlogic kernel: [    1.135654] pnp 00:00: [bus 00-ff]
Jun 12 17:10:16 amlogic kernel: [    1.135761] pnp 00:00: [mem 0x000a0000-0x000bffff window]
Jun 12 17:10:16 amlogic kernel: [    1.135789] pnp 00:00: [mem 0x000c0000-0x000c3fff window]
Jun 12 17:10:16 amlogic kernel: [    1.135795] pnp 00:00: [mem 0x000c4000-0x000c7fff window]
Jun 12 17:10:16 amlogic kernel: [    1.135801] pnp 00:00: [mem 0x000c8000-0x000cbfff window]
Jun 12 17:10:16 amlogic kernel: [    1.135806] pnp 00:00: [mem 0x000cc000-0x000cffff window]
Jun 12 17:10:16 amlogic kernel: [    1.135812] pnp 00:00: [mem 0x000d0000-0x000d3fff window]
Jun 12 17:10:16 amlogic kernel: [    1.135817] pnp 00:00: [mem 0x000d4000-0x000d7fff window]
Jun 12 17:10:16 amlogic kernel: [    1.135822] pnp 00:00: [mem 0x000d8000-0x000dbfff window]
Jun 12 17:10:16 amlogic kernel: [    1.135828] pnp 00:00: [mem 0x000dc000-0x000dffff window]
Jun 12 17:10:16 amlogic kernel: [    1.135842] pnp 00:00: [mem 0x000e0000-0x000e3fff window]
Jun 12 17:10:16 amlogic kernel: [    1.135847] pnp 00:00: [mem 0x000e4000-0x000e7fff window]
Jun 12 17:10:16 amlogic kernel: [    1.135853] pnp 00:00: [mem 0x000e8000-0x000ebfff window]
Jun 12 17:10:16 amlogic kernel: [    1.135858] pnp 00:00: [mem 0x000ec000-0x000effff window]
Jun 12 17:10:16 amlogic kernel: [    1.135863] pnp 00:00: [mem 0x40000000-0xfebfffff window]
Jun 12 17:10:16 amlogic kernel: [    1.135932] pnp 00:00: [io  0x0cf8-0x0cff]
Jun 12 17:10:16 amlogic kernel: [    1.135999] pnp 00:00: [io  0x0000-0x0cf7 window]
Jun 12 17:10:16 amlogic kernel: [    1.136016] pnp 00:00: [io  0x0d00-0xfeff window]
Jun 12 17:10:16 amlogic kernel: [    1.136758] pnp 00:00: Plug and Play ACPI device, IDs PNP0a03 PNP0a08 (active)
Jun 12 17:10:16 amlogic kernel: [    1.137033] pnp 00:01: [io  0x0010-0x001f]
Jun 12 17:10:16 amlogic kernel: [    1.137039] pnp 00:01: [io  0x0024-0x0025]
Jun 12 17:10:16 amlogic kernel: [    1.137044] pnp 00:01: [io  0x0028-0x0029]
Jun 12 17:10:16 amlogic kernel: [    1.137049] pnp 00:01: [io  0x002c-0x002d]
Jun 12 17:10:16 amlogic kernel: [    1.137054] pnp 00:01: [io  0x002e-0x002f]
Jun 12 17:10:16 amlogic kernel: [    1.137058] pnp 00:01: [io  0x0030-0x0031]
Jun 12 17:10:16 amlogic kernel: [    1.137063] pnp 00:01: [io  0x0034-0x0035]
Jun 12 17:10:16 amlogic kernel: [    1.137067] pnp 00:01: [io  0x0038-0x0039]
Jun 12 17:10:16 amlogic kernel: [    1.137072] pnp 00:01: [io  0x003c-0x003d]
Jun 12 17:10:16 amlogic kernel: [    1.137076] pnp 00:01: [io  0x0050-0x0053]
Jun 12 17:10:16 amlogic kernel: [    1.137081] pnp 00:01: [io  0x0072-0x0077]
Jun 12 17:10:16 amlogic kernel: [    1.137089] pnp 00:01: [io  0x0080]
Jun 12 17:10:16 amlogic kernel: [    1.137093] pnp 00:01: [io  0x0090-0x009f]
Jun 12 17:10:16 amlogic kernel: [    1.137098] pnp 00:01: [io  0x00a4-0x00a5]
Jun 12 17:10:16 amlogic kernel: [    1.137103] pnp 00:01: [io  0x00a8-0x00a9]
Jun 12 17:10:16 amlogic kernel: [    1.137107] pnp 00:01: [io  0x00ac-0x00ad]
Jun 12 17:10:16 amlogic kernel: [    1.137112] pnp 00:01: [io  0x00b0-0x00b5]
Jun 12 17:10:16 amlogic kernel: [    1.137116] pnp 00:01: [io  0x00b8-0x00b9]
Jun 12 17:10:16 amlogic kernel: [    1.137121] pnp 00:01: [io  0x00bc-0x00bd]
Jun 12 17:10:16 amlogic kernel: [    1.137125] pnp 00:01: [io  0x1000-0x103f]
Jun 12 17:10:16 amlogic kernel: [    1.137130] pnp 00:01: [io  0x1040-0x104f]
Jun 12 17:10:16 amlogic kernel: [    1.137135] pnp 00:01: [io  0x0cf0-0x0cf1]
Jun 12 17:10:16 amlogic kernel: [    1.137768] system 00:01: [io  0x1000-0x103f] has been reserved
Jun 12 17:10:16 amlogic kernel: [    1.137788] system 00:01: [io  0x1040-0x104f] has been reserved
Jun 12 17:10:16 amlogic kernel: [    1.137796] system 00:01: [io  0x0cf0-0x0cf1] has been reserved
Jun 12 17:10:16 amlogic kernel: [    1.137874] system 00:01: Plug and Play ACPI device, IDs PNP0c02 (active)
Jun 12 17:10:16 amlogic kernel: [    1.137939] pnp 00:02: [io  0x0000-0x000f]
Jun 12 17:10:16 amlogic kernel: [    1.137945] pnp 00:02: [io  0x0081-0x008f]
Jun 12 17:10:16 amlogic kernel: [    1.137950] pnp 00:02: [io  0x00c0-0x00df]
Jun 12 17:10:16 amlogic kernel: [    1.138054] pnp 00:02: [dma 4]
Jun 12 17:10:16 amlogic kernel: [    1.138123] pnp 00:02: Plug and Play ACPI device, IDs PNP0200 (active)
Jun 12 17:10:16 amlogic kernel: [    1.138249] pnp 00:03: [io  0x0020-0x0021]
Jun 12 17:10:16 amlogic kernel: [    1.138255] pnp 00:03: [io  0x00a0-0x00a1]
Jun 12 17:10:16 amlogic kernel: [    1.138260] pnp 00:03: [io  0x04d0-0x04d1]
Jun 12 17:10:16 amlogic kernel: [    1.138363] pnp 00:03: [irq 2 disabled]
Jun 12 17:10:16 amlogic kernel: [    1.138450] pnp 00:03: Plug and Play ACPI device, IDs PNP0001 (active)
Jun 12 17:10:16 amlogic kernel: [    1.138494] pnp 00:04: [io  0x0070-0x0071]
Jun 12 17:10:16 amlogic kernel: [    1.138851] pnp 00:04: [irq 8]
Jun 12 17:10:16 amlogic kernel: [    1.138957] pnp 00:04: Plug and Play ACPI device, IDs PNP0b00 (active)
Jun 12 17:10:16 amlogic kernel: [    1.138984] pnp 00:05: [io  0x0061]
Jun 12 17:10:16 amlogic kernel: [    1.139034] pnp 00:05: Plug and Play ACPI device, IDs PNP0800 (active)
Jun 12 17:10:16 amlogic kernel: [    1.139060] pnp 00:06: [io  0x0060]
Jun 12 17:10:16 amlogic kernel: [    1.139064] pnp 00:06: [io  0x0064]
Jun 12 17:10:16 amlogic kernel: [    1.139084] pnp 00:06: [irq 1]
Jun 12 17:10:16 amlogic kernel: [    1.139188] pnp 00:06: Plug and Play ACPI device, IDs PNP0303 (active)
Jun 12 17:10:16 amlogic kernel: [    1.139226] pnp 00:07: [irq 12]
Jun 12 17:10:16 amlogic kernel: [    1.139310] pnp 00:07: Plug and Play ACPI device, IDs PNP0f13 (active)
Jun 12 17:10:16 amlogic kernel: [    1.148277] pnp 00:08: [io  0x0378-0x037f]
Jun 12 17:10:16 amlogic kernel: [    1.148318] pnp 00:08: [irq 7]
Jun 12 17:10:16 amlogic kernel: [    1.152786] pnp 00:08: Plug and Play ACPI device, IDs PNP0400 (active)
Jun 12 17:10:16 amlogic kernel: [    1.160191] pnp 00:09: [io  0x03f8-0x03ff]
Jun 12 17:10:16 amlogic kernel: [    1.160229] pnp 00:09: [irq 4]
Jun 12 17:10:16 amlogic kernel: [    1.164173] pnp 00:09: Plug and Play ACPI device, IDs PNP0501 (active)
Jun 12 17:10:16 amlogic kernel: [    1.172198] pnp 00:0a: [io  0x02f8-0x02ff]
Jun 12 17:10:16 amlogic kernel: [    1.172237] pnp 00:0a: [irq 3]
Jun 12 17:10:16 amlogic kernel: [    1.174779] pnp 00:0a: Plug and Play ACPI device, IDs PNP0501 (active)
Jun 12 17:10:16 amlogic kernel: [    1.184196] pnp 00:0b: [io  0x03f0-0x03f5]
Jun 12 17:10:16 amlogic kernel: [    1.184204] pnp 00:0b: [io  0x03f7]
Jun 12 17:10:16 amlogic kernel: [    1.184241] pnp 00:0b: [irq 6]
Jun 12 17:10:16 amlogic kernel: [    1.184271] pnp 00:0b: [dma 2]
Jun 12 17:10:16 amlogic kernel: [    1.186543] pnp 00:0b: Plug and Play ACPI device, IDs PNP0700 (active)
Jun 12 17:10:16 amlogic kernel: [    1.188730] pnp 00:0c: [mem 0xe0000000-0xefffffff]
Jun 12 17:10:16 amlogic kernel: [    1.188737] pnp 00:0c: [io  0x1060-0x107f]
Jun 12 17:10:16 amlogic kernel: [    1.188743] pnp 00:0c: [mem 0xdbe00000-0xdbffffff]
Jun 12 17:10:16 amlogic kernel: [    1.188901] system 00:0c: [io  0x1060-0x107f] has been reserved
Jun 12 17:10:16 amlogic kernel: [    1.188937] system 00:0c: [mem 0xe0000000-0xefffffff] has been reserved
Jun 12 17:10:16 amlogic kernel: [    1.188963] system 00:0c: [mem 0xdbe00000-0xdbffffff] has been reserved
Jun 12 17:10:16 amlogic kernel: [    1.188973] system 00:0c: Plug and Play ACPI device, IDs PNP0c02 (active)
Jun 12 17:10:16 amlogic kernel: [    1.203157] pnp: PnP ACPI: found 13 devices
Jun 12 17:10:16 amlogic kernel: [    1.203214] ACPI: ACPI bus type pnp unregistered
Jun 12 17:10:16 amlogic kernel: [    1.203268] PnPBIOS: Disabled by ACPI PNP
Jun 12 17:10:16 amlogic kernel: [    1.246046] Switching to clocksource acpi_pm
Jun 12 17:10:16 amlogic kernel: [    1.246295] PCI: max bus depth: 1 pci_try_num: 2
Jun 12 17:10:16 amlogic kernel: [    1.246295] Switched to NOHz mode on CPU #0
Jun 12 17:10:16 amlogic kernel: [    1.246295] pci 0000:00:0f.0: BAR 6: assigned [mem 0x40000000-0x40007fff pref]
Jun 12 17:10:16 amlogic kernel: [    1.246295] pci 0000:00:10.0: BAR 6: assigned [mem 0x40008000-0x4000bfff pref]
Jun 12 17:10:16 amlogic kernel: [    1.246307] pci 0000:00:18.7: BAR 13: can't assign io (size 0x1000)
Jun 12 17:10:16 amlogic kernel: [    1.246348] pci 0000:00:18.6: BAR 13: can't assign io (size 0x1000)
Jun 12 17:10:16 amlogic kernel: [    1.246355] pci 0000:00:18.5: BAR 13: can't assign io (size 0x1000)
Jun 12 17:10:16 amlogic kernel: [    1.246361] pci 0000:00:18.4: BAR 13: can't assign io (size 0x1000)
Jun 12 17:10:16 amlogic kernel: [    1.246368] pci 0000:00:18.3: BAR 13: can't assign io (size 0x1000)
Jun 12 17:10:16 amlogic kernel: [    1.246374] pci 0000:00:18.2: BAR 13: can't assign io (size 0x1000)
Jun 12 17:10:16 amlogic kernel: [    1.246380] pci 0000:00:17.7: BAR 13: can't assign io (size 0x1000)
Jun 12 17:10:16 amlogic kernel: [    1.246386] pci 0000:00:17.6: BAR 13: can't assign io (size 0x1000)
Jun 12 17:10:16 amlogic kernel: [    1.246392] pci 0000:00:17.5: BAR 13: can't assign io (size 0x1000)
Jun 12 17:10:16 amlogic kernel: [    1.246398] pci 0000:00:17.4: BAR 13: can't assign io (size 0x1000)
Jun 12 17:10:16 amlogic kernel: [    1.246404] pci 0000:00:17.3: BAR 13: can't assign io (size 0x1000)
Jun 12 17:10:16 amlogic kernel: [    1.246410] pci 0000:00:16.7: BAR 13: can't assign io (size 0x1000)
Jun 12 17:10:16 amlogic kernel: [    1.246416] pci 0000:00:16.6: BAR 13: can't assign io (size 0x1000)
Jun 12 17:10:16 amlogic kernel: [    1.246422] pci 0000:00:16.5: BAR 13: can't assign io (size 0x1000)
Jun 12 17:10:16 amlogic kernel: [    1.246429] pci 0000:00:16.4: BAR 13: can't assign io (size 0x1000)
Jun 12 17:10:16 amlogic kernel: [    1.246435] pci 0000:00:16.3: BAR 13: can't assign io (size 0x1000)
Jun 12 17:10:16 amlogic kernel: [    1.246441] pci 0000:00:15.7: BAR 13: can't assign io (size 0x1000)
Jun 12 17:10:16 amlogic kernel: [    1.246447] pci 0000:00:15.6: BAR 13: can't assign io (size 0x1000)
Jun 12 17:10:16 amlogic kernel: [    1.246453] pci 0000:00:15.5: BAR 13: can't assign io (size 0x1000)
Jun 12 17:10:16 amlogic kernel: [    1.246459] pci 0000:00:15.4: BAR 13: can't assign io (size 0x1000)
Jun 12 17:10:16 amlogic kernel: [    1.246465] pci 0000:00:15.3: BAR 13: can't assign io (size 0x1000)
Jun 12 17:10:16 amlogic kernel: [    1.246511] pci 0000:00:01.0: PCI bridge to [bus 01-01]
Jun 12 17:10:16 amlogic kernel: [    1.246549] pci 0000:00:01.0:   bridge window [io  disabled]
Jun 12 17:10:16 amlogic kernel: [    1.246594] pci 0000:00:01.0:   bridge window [mem disabled]
Jun 12 17:10:16 amlogic kernel: [    1.246640] pci 0000:00:01.0:   bridge window [mem pref disabled]
Jun 12 17:10:16 amlogic kernel: [    1.246686] pci 0000:02:01.0: BAR 6: assigned [mem 0xdc400000-0xdc40ffff pref]
Jun 12 17:10:16 amlogic kernel: [    1.246696] pci 0000:00:11.0: PCI bridge to [bus 02-02]
Jun 12 17:10:16 amlogic kernel: [    1.246741] pci 0000:00:11.0:   bridge window [io  0x2000-0x3fff]
Jun 12 17:10:16 amlogic kernel: [    1.246787] pci 0000:00:11.0:   bridge window [mem 0xd8900000-0xd9cfffff]
Jun 12 17:10:16 amlogic kernel: [    1.246833] pci 0000:00:11.0:   bridge window [mem 0xdc400000-0xdc9fffff 64bit pref]
Jun 12 17:10:16 amlogic kernel: [    1.246878] pci 0000:00:15.0: PCI bridge to [bus 03-03]
Jun 12 17:10:16 amlogic kernel: [    1.246896] pci 0000:00:15.0:   bridge window [io  0x4000-0x4fff]
Jun 12 17:10:16 amlogic kernel: [    1.246930] pci 0000:00:15.0:   bridge window [mem 0xd9d00000-0xd9dfffff]
Jun 12 17:10:16 amlogic kernel: [    1.246955] pci 0000:00:15.0:   bridge window [mem 0xdca00000-0xdcafffff 64bit pref]
Jun 12 17:10:16 amlogic kernel: [    1.247001] pci 0000:00:15.1: PCI bridge to [bus 04-04]
Jun 12 17:10:16 amlogic kernel: [    1.247019] pci 0000:00:15.1:   bridge window [io  0x8000-0x8fff]
Jun 12 17:10:16 amlogic kernel: [    1.247053] pci 0000:00:15.1:   bridge window [mem 0xda100000-0xda1fffff]
Jun 12 17:10:16 amlogic kernel: [    1.247079] pci 0000:00:15.1:   bridge window [mem 0xdce00000-0xdcefffff 64bit pref]
Jun 12 17:10:16 amlogic kernel: [    1.247125] pci 0000:00:15.2: PCI bridge to [bus 05-05]
Jun 12 17:10:16 amlogic kernel: [    1.247142] pci 0000:00:15.2:   bridge window [io  0xc000-0xcfff]
Jun 12 17:10:16 amlogic kernel: [    1.247176] pci 0000:00:15.2:   bridge window [mem 0xda500000-0xda5fffff]
Jun 12 17:10:16 amlogic kernel: [    1.247202] pci 0000:00:15.2:   bridge window [mem 0xdd200000-0xdd2fffff 64bit pref]
Jun 12 17:10:16 amlogic kernel: [    1.247247] pci 0000:00:15.3: PCI bridge to [bus 06-06]
Jun 12 17:10:16 amlogic kernel: [    1.247252] pci 0000:00:15.3:   bridge window [io  disabled]
Jun 12 17:10:16 amlogic kernel: [    1.247287] pci 0000:00:15.3:   bridge window [mem 0xda900000-0xda9fffff]
Jun 12 17:10:16 amlogic kernel: [    1.247312] pci 0000:00:15.3:   bridge window [mem 0xdd600000-0xdd6fffff 64bit pref]
Jun 12 17:10:16 amlogic kernel: [    1.247358] pci 0000:00:15.4: PCI bridge to [bus 07-07]
Jun 12 17:10:16 amlogic kernel: [    1.247372] pci 0000:00:15.4:   bridge window [io  disabled]
Jun 12 17:10:16 amlogic kernel: [    1.247407] pci 0000:00:15.4:   bridge window [mem 0xdad00000-0xdadfffff]
Jun 12 17:10:16 amlogic kernel: [    1.247433] pci 0000:00:15.4:   bridge window [mem 0xdda00000-0xddafffff 64bit pref]
Jun 12 17:10:16 amlogic kernel: [    1.247478] pci 0000:00:15.5: PCI bridge to [bus 08-08]
Jun 12 17:10:16 amlogic kernel: [    1.247483] pci 0000:00:15.5:   bridge window [io  disabled]
Jun 12 17:10:16 amlogic kernel: [    1.247517] pci 0000:00:15.5:   bridge window [mem 0xdb100000-0xdb1fffff]
Jun 12 17:10:16 amlogic kernel: [    1.247543] pci 0000:00:15.5:   bridge window [mem 0xdde00000-0xddefffff 64bit pref]
Jun 12 17:10:16 amlogic kernel: [    1.247589] pci 0000:00:15.6: PCI bridge to [bus 09-09]
Jun 12 17:10:16 amlogic kernel: [    1.247593] pci 0000:00:15.6:   bridge window [io  disabled]
Jun 12 17:10:16 amlogic kernel: [    1.247627] pci 0000:00:15.6:   bridge window [mem 0xdb500000-0xdb5fffff]
Jun 12 17:10:16 amlogic kernel: [    1.247653] pci 0000:00:15.6:   bridge window [mem 0xde200000-0xde2fffff 64bit pref]
Jun 12 17:10:16 amlogic kernel: [    1.247699] pci 0000:00:15.7: PCI bridge to [bus 0a-0a]
Jun 12 17:10:16 amlogic kernel: [    1.247703] pci 0000:00:15.7:   bridge window [io  disabled]
Jun 12 17:10:16 amlogic kernel: [    1.247738] pci 0000:00:15.7:   bridge window [mem 0xdb900000-0xdb9fffff]
Jun 12 17:10:16 amlogic kernel: [    1.247763] pci 0000:00:15.7:   bridge window [mem 0xde600000-0xde6fffff 64bit pref]
Jun 12 17:10:16 amlogic kernel: [    1.247809] pci 0000:00:16.0: PCI bridge to [bus 0b-0b]
Jun 12 17:10:16 amlogic kernel: [    1.247827] pci 0000:00:16.0:   bridge window [io  0x5000-0x5fff]
Jun 12 17:10:16 amlogic kernel: [    1.247860] pci 0000:00:16.0:   bridge window [mem 0xd9e00000-0xd9efffff]
Jun 12 17:10:16 amlogic kernel: [    1.247888] pci 0000:00:16.0:   bridge window [mem 0xdcb00000-0xdcbfffff 64bit pref]
Jun 12 17:10:16 amlogic kernel: [    1.247934] pci 0000:00:16.1: PCI bridge to [bus 0c-0c]
Jun 12 17:10:16 amlogic kernel: [    1.247951] pci 0000:00:16.1:   bridge window [io  0x9000-0x9fff]
Jun 12 17:10:16 amlogic kernel: [    1.247985] pci 0000:00:16.1:   bridge window [mem 0xda200000-0xda2fffff]
Jun 12 17:10:16 amlogic kernel: [    1.248067] pci 0000:00:16.1:   bridge window [mem 0xdcf00000-0xdcffffff 64bit pref]
Jun 12 17:10:16 amlogic kernel: [    1.248113] pci 0000:00:16.2: PCI bridge to [bus 0d-0d]
Jun 12 17:10:16 amlogic kernel: [    1.248158] pci 0000:00:16.2:   bridge window [io  0xd000-0xdfff]
Jun 12 17:10:16 amlogic kernel: [    1.248194] pci 0000:00:16.2:   bridge window [mem 0xda600000-0xda6fffff]
Jun 12 17:10:16 amlogic kernel: [    1.248219] pci 0000:00:16.2:   bridge window [mem 0xdd300000-0xdd3fffff 64bit pref]
Jun 12 17:10:17 amlogic kernel: [    1.248265] pci 0000:00:16.3: PCI bridge to [bus 0e-0e]
Jun 12 17:10:17 amlogic kernel: [    1.248270] pci 0000:00:16.3:   bridge window [io  disabled]
Jun 12 17:10:17 amlogic kernel: [    1.248304] pci 0000:00:16.3:   bridge window [mem 0xdaa00000-0xdaafffff]
Jun 12 17:10:17 amlogic kernel: [    1.248330] pci 0000:00:16.3:   bridge window [mem 0xdd700000-0xdd7fffff 64bit pref]
Jun 12 17:10:17 amlogic kernel: [    1.248376] pci 0000:00:16.4: PCI bridge to [bus 0f-0f]
Jun 12 17:10:17 amlogic kernel: [    1.248381] pci 0000:00:16.4:   bridge window [io  disabled]
Jun 12 17:10:17 amlogic kernel: [    1.248415] pci 0000:00:16.4:   bridge window [mem 0xdae00000-0xdaefffff]
Jun 12 17:10:17 amlogic kernel: [    1.248441] pci 0000:00:16.4:   bridge window [mem 0xddb00000-0xddbfffff 64bit pref]
Jun 12 17:10:17 amlogic kernel: [    1.248486] pci 0000:00:16.5: PCI bridge to [bus 10-10]
Jun 12 17:10:17 amlogic kernel: [    1.248491] pci 0000:00:16.5:   bridge window [io  disabled]
Jun 12 17:10:17 amlogic kernel: [    1.248526] pci 0000:00:16.5:   bridge window [mem 0xdb200000-0xdb2fffff]
Jun 12 17:10:17 amlogic kernel: [    1.248551] pci 0000:00:16.5:   bridge window [mem 0xddf00000-0xddffffff 64bit pref]
Jun 12 17:10:17 amlogic kernel: [    1.248597] pci 0000:00:16.6: PCI bridge to [bus 11-11]
Jun 12 17:10:17 amlogic kernel: [    1.248602] pci 0000:00:16.6:   bridge window [io  disabled]
Jun 12 17:10:17 amlogic kernel: [    1.248636] pci 0000:00:16.6:   bridge window [mem 0xdb600000-0xdb6fffff]
Jun 12 17:10:17 amlogic kernel: [    1.248662] pci 0000:00:16.6:   bridge window [mem 0xde300000-0xde3fffff 64bit pref]
Jun 12 17:10:17 amlogic kernel: [    1.248707] pci 0000:00:16.7: PCI bridge to [bus 12-12]
Jun 12 17:10:17 amlogic kernel: [    1.248712] pci 0000:00:16.7:   bridge window [io  disabled]
Jun 12 17:10:17 amlogic kernel: [    1.248746] pci 0000:00:16.7:   bridge window [mem 0xdba00000-0xdbafffff]
Jun 12 17:10:17 amlogic kernel: [    1.248772] pci 0000:00:16.7:   bridge window [mem 0xde700000-0xde7fffff 64bit pref]
Jun 12 17:10:17 amlogic kernel: [    1.248818] pci 0000:00:17.0: PCI bridge to [bus 13-13]
Jun 12 17:10:17 amlogic kernel: [    1.248836] pci 0000:00:17.0:   bridge window [io  0x6000-0x6fff]
Jun 12 17:10:17 amlogic kernel: [    1.248869] pci 0000:00:17.0:   bridge window [mem 0xd9f00000-0xd9ffffff]
Jun 12 17:10:17 amlogic kernel: [    1.248895] pci 0000:00:17.0:   bridge window [mem 0xdcc00000-0xdccfffff 64bit pref]
Jun 12 17:10:17 amlogic kernel: [    1.248941] pci 0000:00:17.1: PCI bridge to [bus 14-14]
Jun 12 17:10:17 amlogic kernel: [    1.248972] pci 0000:00:17.1:   bridge window [io  0xa000-0xafff]
Jun 12 17:10:17 amlogic kernel: [    1.249006] pci 0000:00:17.1:   bridge window [mem 0xda300000-0xda3fffff]
Jun 12 17:10:17 amlogic kernel: [    1.249044] pci 0000:00:17.1:   bridge window [mem 0xdd000000-0xdd0fffff 64bit pref]
Jun 12 17:10:17 amlogic kernel: [    1.249089] pci 0000:00:17.2: PCI bridge to [bus 15-15]
Jun 12 17:10:17 amlogic kernel: [    1.249107] pci 0000:00:17.2:   bridge window [io  0xe000-0xefff]
Jun 12 17:10:17 amlogic kernel: [    1.249141] pci 0000:00:17.2:   bridge window [mem 0xda700000-0xda7fffff]
Jun 12 17:10:17 amlogic kernel: [    1.249167] pci 0000:00:17.2:   bridge window [mem 0xdd400000-0xdd4fffff 64bit pref]
Jun 12 17:10:17 amlogic kernel: [    1.249213] pci 0000:00:17.3: PCI bridge to [bus 16-16]
Jun 12 17:10:17 amlogic kernel: [    1.249217] pci 0000:00:17.3:   bridge window [io  disabled]
Jun 12 17:10:17 amlogic kernel: [    1.249252] pci 0000:00:17.3:   bridge window [mem 0xdab00000-0xdabfffff]
Jun 12 17:10:17 amlogic kernel: [    1.249277] pci 0000:00:17.3:   bridge window [mem 0xdd800000-0xdd8fffff 64bit pref]
Jun 12 17:10:17 amlogic kernel: [    1.249323] pci 0000:00:17.4: PCI bridge to [bus 17-17]
Jun 12 17:10:17 amlogic kernel: [    1.249328] pci 0000:00:17.4:   bridge window [io  disabled]
Jun 12 17:10:17 amlogic kernel: [    1.249362] pci 0000:00:17.4:   bridge window [mem 0xdaf00000-0xdaffffff]
Jun 12 17:10:17 amlogic kernel: [    1.249388] pci 0000:00:17.4:   bridge window [mem 0xddc00000-0xddcfffff 64bit pref]
Jun 12 17:10:17 amlogic kernel: [    1.249433] pci 0000:00:17.5: PCI bridge to [bus 18-18]
Jun 12 17:10:17 amlogic kernel: [    1.249438] pci 0000:00:17.5:   bridge window [io  disabled]
Jun 12 17:10:17 amlogic kernel: [    1.249473] pci 0000:00:17.5:   bridge window [mem 0xdb300000-0xdb3fffff]
Jun 12 17:10:17 amlogic kernel: [    1.249498] pci 0000:00:17.5:   bridge window [mem 0xde000000-0xde0fffff 64bit pref]
Jun 12 17:10:17 amlogic kernel: [    1.249544] pci 0000:00:17.6: PCI bridge to [bus 19-19]
Jun 12 17:10:17 amlogic kernel: [    1.249549] pci 0000:00:17.6:   bridge window [io  disabled]
Jun 12 17:10:17 amlogic kernel: [    1.249583] pci 0000:00:17.6:   bridge window [mem 0xdb700000-0xdb7fffff]
Jun 12 17:10:17 amlogic kernel: [    1.249609] pci 0000:00:17.6:   bridge window [mem 0xde400000-0xde4fffff 64bit pref]
Jun 12 17:10:17 amlogic kernel: [    1.249654] pci 0000:00:17.7: PCI bridge to [bus 1a-1a]
Jun 12 17:10:17 amlogic kernel: [    1.249659] pci 0000:00:17.7:   bridge window [io  disabled]
Jun 12 17:10:17 amlogic kernel: [    1.249694] pci 0000:00:17.7:   bridge window [mem 0xdbb00000-0xdbbfffff]
Jun 12 17:10:17 amlogic kernel: [    1.249719] pci 0000:00:17.7:   bridge window [mem 0xde800000-0xde8fffff 64bit pref]
Jun 12 17:10:17 amlogic kernel: [    1.249765] pci 0000:00:18.0: PCI bridge to [bus 1b-1b]
Jun 12 17:10:17 amlogic kernel: [    1.249783] pci 0000:00:18.0:   bridge window [io  0x7000-0x7fff]
Jun 12 17:10:17 amlogic kernel: [    1.249828] pci 0000:00:18.0:   bridge window [mem 0xda000000-0xda0fffff]
Jun 12 17:10:17 amlogic kernel: [    1.249856] pci 0000:00:18.0:   bridge window [mem 0xdcd00000-0xdcdfffff 64bit pref]
Jun 12 17:10:17 amlogic kernel: [    1.249902] pci 0000:00:18.1: PCI bridge to [bus 1c-1c]
Jun 12 17:10:17 amlogic kernel: [    1.249919] pci 0000:00:18.1:   bridge window [io  0xb000-0xbfff]
Jun 12 17:10:17 amlogic kernel: [    1.249953] pci 0000:00:18.1:   bridge window [mem 0xda400000-0xda4fffff]
Jun 12 17:10:17 amlogic kernel: [    1.249979] pci 0000:00:18.1:   bridge window [mem 0xdd100000-0xdd1fffff 64bit pref]
Jun 12 17:10:17 amlogic kernel: [    1.250025] pci 0000:00:18.2: PCI bridge to [bus 1d-1d]
Jun 12 17:10:17 amlogic kernel: [    1.250030] pci 0000:00:18.2:   bridge window [io  disabled]
Jun 12 17:10:17 amlogic kernel: [    1.250064] pci 0000:00:18.2:   bridge window [mem 0xda800000-0xda8fffff]
Jun 12 17:10:17 amlogic kernel: [    1.250089] pci 0000:00:18.2:   bridge window [mem 0xdd500000-0xdd5fffff 64bit pref]
Jun 12 17:10:17 amlogic kernel: [    1.250135] pci 0000:00:18.3: PCI bridge to [bus 1e-1e]
Jun 12 17:10:17 amlogic kernel: [    1.250140] pci 0000:00:18.3:   bridge window [io  disabled]
Jun 12 17:10:17 amlogic kernel: [    1.250174] pci 0000:00:18.3:   bridge window [mem 0xdac00000-0xdacfffff]
Jun 12 17:10:17 amlogic kernel: [    1.250200] pci 0000:00:18.3:   bridge window [mem 0xdd900000-0xdd9fffff 64bit pref]
Jun 12 17:10:17 amlogic kernel: [    1.250245] pci 0000:00:18.4: PCI bridge to [bus 1f-1f]
Jun 12 17:10:17 amlogic kernel: [    1.250250] pci 0000:00:18.4:   bridge window [io  disabled]
Jun 12 17:10:17 amlogic kernel: [    1.250284] pci 0000:00:18.4:   bridge window [mem 0xdb000000-0xdb0fffff]
Jun 12 17:10:17 amlogic kernel: [    1.250310] pci 0000:00:18.4:   bridge window [mem 0xddd00000-0xdddfffff 64bit pref]
Jun 12 17:10:17 amlogic kernel: [    1.250356] pci 0000:00:18.5: PCI bridge to [bus 20-20]
Jun 12 17:10:17 amlogic kernel: [    1.250361] pci 0000:00:18.5:   bridge window [io  disabled]
Jun 12 17:10:17 amlogic kernel: [    1.250395] pci 0000:00:18.5:   bridge window [mem 0xdb400000-0xdb4fffff]
Jun 12 17:10:17 amlogic kernel: [    1.250421] pci 0000:00:18.5:   bridge window [mem 0xde100000-0xde1fffff 64bit pref]
Jun 12 17:10:17 amlogic kernel: [    1.250466] pci 0000:00:18.6: PCI bridge to [bus 21-21]
Jun 12 17:10:17 amlogic kernel: [    1.250471] pci 0000:00:18.6:   bridge window [io  disabled]
Jun 12 17:10:17 amlogic kernel: [    1.250505] pci 0000:00:18.6:   bridge window [mem 0xdb800000-0xdb8fffff]
Jun 12 17:10:17 amlogic kernel: [    1.250531] pci 0000:00:18.6:   bridge window [mem 0xde500000-0xde5fffff 64bit pref]
Jun 12 17:10:17 amlogic kernel: [    1.250576] pci 0000:00:18.7: PCI bridge to [bus 22-22]
Jun 12 17:10:17 amlogic kernel: [    1.250581] pci 0000:00:18.7:   bridge window [io  disabled]
Jun 12 17:10:17 amlogic kernel: [    1.250620] pci 0000:00:18.7:   bridge window [mem 0xdbc00000-0xdbcfffff]
Jun 12 17:10:17 amlogic kernel: [    1.250646] pci 0000:00:18.7:   bridge window [mem 0xde900000-0xde9fffff 64bit pref]
Jun 12 17:10:17 amlogic kernel: [    1.250692] pci 0000:00:01.0: setting latency timer to 64
Jun 12 17:10:17 amlogic kernel: [    1.250737] pci 0000:00:15.0: setting latency timer to 64
Jun 12 17:10:17 amlogic kernel: [    1.250783] pci 0000:00:15.1: setting latency timer to 64
Jun 12 17:10:17 amlogic kernel: [    1.250829] pci 0000:00:15.2: setting latency timer to 64
Jun 12 17:10:17 amlogic kernel: [    1.250874] pci 0000:00:15.3: setting latency timer to 64
Jun 12 17:10:17 amlogic kernel: [    1.250920] pci 0000:00:15.4: setting latency timer to 64
Jun 12 17:10:17 amlogic kernel: [    1.250966] pci 0000:00:15.5: setting latency timer to 64
Jun 12 17:10:17 amlogic kernel: [    1.251011] pci 0000:00:15.6: setting latency timer to 64
Jun 12 17:10:17 amlogic kernel: [    1.251057] pci 0000:00:15.7: setting latency timer to 64
Jun 12 17:10:17 amlogic kernel: [    1.251103] pci 0000:00:16.0: setting latency timer to 64
Jun 12 17:10:17 amlogic kernel: [    1.251148] pci 0000:00:16.1: setting latency timer to 64
Jun 12 17:10:17 amlogic kernel: [    1.251194] pci 0000:00:16.2: setting latency timer to 64
Jun 12 17:10:17 amlogic kernel: [    1.251240] pci 0000:00:16.3: setting latency timer to 64
Jun 12 17:10:17 amlogic kernel: [    1.251285] pci 0000:00:16.4: setting latency timer to 64
Jun 12 17:10:17 amlogic kernel: [    1.251331] pci 0000:00:16.5: setting latency timer to 64
Jun 12 17:10:17 amlogic kernel: [    1.251377] pci 0000:00:16.6: setting latency timer to 64
Jun 12 17:10:17 amlogic kernel: [    1.251422] pci 0000:00:16.7: setting latency timer to 64
Jun 12 17:10:17 amlogic kernel: [    1.251468] pci 0000:00:17.0: setting latency timer to 64
Jun 12 17:10:17 amlogic kernel: [    1.251514] pci 0000:00:17.1: setting latency timer to 64
Jun 12 17:10:17 amlogic kernel: [    1.251559] pci 0000:00:17.2: setting latency timer to 64
Jun 12 17:10:17 amlogic kernel: [    1.251605] pci 0000:00:17.3: setting latency timer to 64
Jun 12 17:10:17 amlogic kernel: [    1.251651] pci 0000:00:17.4: setting latency timer to 64
Jun 12 17:10:17 amlogic kernel: [    1.251696] pci 0000:00:17.5: setting latency timer to 64
Jun 12 17:10:17 amlogic kernel: [    1.251742] pci 0000:00:17.6: setting latency timer to 64
Jun 12 17:10:17 amlogic kernel: [    1.251788] pci 0000:00:17.7: setting latency timer to 64
Jun 12 17:10:17 amlogic kernel: [    1.251833] pci 0000:00:18.0: setting latency timer to 64
Jun 12 17:10:17 amlogic kernel: [    1.251879] pci 0000:00:18.1: setting latency timer to 64
Jun 12 17:10:17 amlogic kernel: [    1.251925] pci 0000:00:18.2: setting latency timer to 64
Jun 12 17:10:17 amlogic kernel: [    1.251970] pci 0000:00:18.3: setting latency timer to 64
Jun 12 17:10:17 amlogic kernel: [    1.252000] pci 0000:00:18.4: setting latency timer to 64
Jun 12 17:10:17 amlogic kernel: [    1.252000] pci 0000:00:18.5: setting latency timer to 64
Jun 12 17:10:17 amlogic kernel: [    1.252000] pci 0000:00:18.6: setting latency timer to 64
Jun 12 17:10:17 amlogic kernel: [    1.252078] pci 0000:00:18.7: setting latency timer to 64
Jun 12 17:10:17 amlogic kernel: [    1.252123] pci_bus 0000:00: resource 4 [mem 0x000a0000-0x000bffff]
Jun 12 17:10:17 amlogic kernel: [    1.252136] pci_bus 0000:00: resource 5 [mem 0x000cc000-0x000cffff]
Jun 12 17:10:17 amlogic kernel: [    1.252141] pci_bus 0000:00: resource 6 [mem 0x000d0000-0x000d3fff]
Jun 12 17:10:17 amlogic kernel: [    1.252146] pci_bus 0000:00: resource 7 [mem 0x000d4000-0x000d7fff]
Jun 12 17:10:17 amlogic kernel: [    1.252151] pci_bus 0000:00: resource 8 [mem 0x000d8000-0x000dbfff]
Jun 12 17:10:17 amlogic kernel: [    1.252156] pci_bus 0000:00: resource 9 [mem 0x000e4000-0x000e7fff]
Jun 12 17:10:17 amlogic kernel: [    1.252161] pci_bus 0000:00: resource 10 [mem 0x40000000-0xfebfffff]
Jun 12 17:10:17 amlogic kernel: [    1.252166] pci_bus 0000:00: resource 11 [io  0x0000-0x0cf7]
Jun 12 17:10:17 amlogic kernel: [    1.252171] pci_bus 0000:00: resource 12 [io  0x0d00-0xfeff]
Jun 12 17:10:17 amlogic kernel: [    1.252203] pci_bus 0000:02: resource 0 [io  0x2000-0x3fff]
Jun 12 17:10:17 amlogic kernel: [    1.252209] pci_bus 0000:02: resource 1 [mem 0xd8900000-0xd9cfffff]
Jun 12 17:10:17 amlogic kernel: [    1.252215] pci_bus 0000:02: resource 2 [mem 0xdc400000-0xdc9fffff 64bit pref]
Jun 12 17:10:17 amlogic kernel: [    1.252220] pci_bus 0000:02: resource 4 [mem 0x000a0000-0x000bffff]
Jun 12 17:10:17 amlogic kernel: [    1.252225] pci_bus 0000:02: resource 5 [mem 0x000cc000-0x000cffff]
Jun 12 17:10:17 amlogic kernel: [    1.252230] pci_bus 0000:02: resource 6 [mem 0x000d0000-0x000d3fff]
Jun 12 17:10:17 amlogic kernel: [    1.252235] pci_bus 0000:02: resource 7 [mem 0x000d4000-0x000d7fff]
Jun 12 17:10:17 amlogic kernel: [    1.252240] pci_bus 0000:02: resource 8 [mem 0x000d8000-0x000dbfff]
Jun 12 17:10:17 amlogic kernel: [    1.252245] pci_bus 0000:02: resource 9 [mem 0x000e4000-0x000e7fff]
Jun 12 17:10:17 amlogic kernel: [    1.252250] pci_bus 0000:02: resource 10 [mem 0x40000000-0xfebfffff]
Jun 12 17:10:17 amlogic kernel: [    1.252254] pci_bus 0000:02: resource 11 [io  0x0000-0x0cf7]
Jun 12 17:10:17 amlogic kernel: [    1.252259] pci_bus 0000:02: resource 12 [io  0x0d00-0xfeff]
Jun 12 17:10:17 amlogic kernel: [    1.252266] pci_bus 0000:03: resource 0 [io  0x4000-0x4fff]
Jun 12 17:10:17 amlogic kernel: [    1.252271] pci_bus 0000:03: resource 1 [mem 0xd9d00000-0xd9dfffff]
Jun 12 17:10:17 amlogic kernel: [    1.252277] pci_bus 0000:03: resource 2 [mem 0xdca00000-0xdcafffff 64bit pref]
Jun 12 17:10:17 amlogic kernel: [    1.252290] pci_bus 0000:04: resource 0 [io  0x8000-0x8fff]
Jun 12 17:10:17 amlogic kernel: [    1.252295] pci_bus 0000:04: resource 1 [mem 0xda100000-0xda1fffff]
Jun 12 17:10:17 amlogic kernel: [    1.252301] pci_bus 0000:04: resource 2 [mem 0xdce00000-0xdcefffff 64bit pref]
Jun 12 17:10:17 amlogic kernel: [    1.252307] pci_bus 0000:05: resource 0 [io  0xc000-0xcfff]
Jun 12 17:10:17 amlogic kernel: [    1.252312] pci_bus 0000:05: resource 1 [mem 0xda500000-0xda5fffff]
Jun 12 17:10:17 amlogic kernel: [    1.252317] pci_bus 0000:05: resource 2 [mem 0xdd200000-0xdd2fffff 64bit pref]
Jun 12 17:10:17 amlogic kernel: [    1.252323] pci_bus 0000:06: resource 1 [mem 0xda900000-0xda9fffff]
Jun 12 17:10:17 amlogic kernel: [    1.252329] pci_bus 0000:06: resource 2 [mem 0xdd600000-0xdd6fffff 64bit pref]
Jun 12 17:10:17 amlogic kernel: [    1.252334] pci_bus 0000:07: resource 1 [mem 0xdad00000-0xdadfffff]
Jun 12 17:10:17 amlogic kernel: [    1.252340] pci_bus 0000:07: resource 2 [mem 0xdda00000-0xddafffff 64bit pref]
Jun 12 17:10:17 amlogic kernel: [    1.252345] pci_bus 0000:08: resource 1 [mem 0xdb100000-0xdb1fffff]
Jun 12 17:10:17 amlogic kernel: [    1.252351] pci_bus 0000:08: resource 2 [mem 0xdde00000-0xddefffff 64bit pref]
Jun 12 17:10:17 amlogic kernel: [    1.252357] pci_bus 0000:09: resource 1 [mem 0xdb500000-0xdb5fffff]
Jun 12 17:10:17 amlogic kernel: [    1.252362] pci_bus 0000:09: resource 2 [mem 0xde200000-0xde2fffff 64bit pref]
Jun 12 17:10:17 amlogic kernel: [    1.252368] pci_bus 0000:0a: resource 1 [mem 0xdb900000-0xdb9fffff]
Jun 12 17:10:17 amlogic kernel: [    1.252373] pci_bus 0000:0a: resource 2 [mem 0xde600000-0xde6fffff 64bit pref]
Jun 12 17:10:17 amlogic kernel: [    1.252379] pci_bus 0000:0b: resource 0 [io  0x5000-0x5fff]
Jun 12 17:10:17 amlogic kernel: [    1.252384] pci_bus 0000:0b: resource 1 [mem 0xd9e00000-0xd9efffff]
Jun 12 17:10:17 amlogic kernel: [    1.252389] pci_bus 0000:0b: resource 2 [mem 0xdcb00000-0xdcbfffff 64bit pref]
Jun 12 17:10:17 amlogic kernel: [    1.252395] pci_bus 0000:0c: resource 0 [io  0x9000-0x9fff]
Jun 12 17:10:17 amlogic kernel: [    1.252399] pci_bus 0000:0c: resource 1 [mem 0xda200000-0xda2fffff]
Jun 12 17:10:17 amlogic kernel: [    1.252405] pci_bus 0000:0c: resource 2 [mem 0xdcf00000-0xdcffffff 64bit pref]
Jun 12 17:10:17 amlogic kernel: [    1.252411] pci_bus 0000:0d: resource 0 [io  0xd000-0xdfff]
Jun 12 17:10:17 amlogic kernel: [    1.252416] pci_bus 0000:0d: resource 1 [mem 0xda600000-0xda6fffff]
Jun 12 17:10:17 amlogic kernel: [    1.252421] pci_bus 0000:0d: resource 2 [mem 0xdd300000-0xdd3fffff 64bit pref]
Jun 12 17:10:17 amlogic kernel: [    1.252427] pci_bus 0000:0e: resource 1 [mem 0xdaa00000-0xdaafffff]
Jun 12 17:10:17 amlogic kernel: [    1.252433] pci_bus 0000:0e: resource 2 [mem 0xdd700000-0xdd7fffff 64bit pref]
Jun 12 17:10:17 amlogic kernel: [    1.252438] pci_bus 0000:0f: resource 1 [mem 0xdae00000-0xdaefffff]
Jun 12 17:10:17 amlogic kernel: [    1.252444] pci_bus 0000:0f: resource 2 [mem 0xddb00000-0xddbfffff 64bit pref]
Jun 12 17:10:17 amlogic kernel: [    1.252449] pci_bus 0000:10: resource 1 [mem 0xdb200000-0xdb2fffff]
Jun 12 17:10:17 amlogic kernel: [    1.252455] pci_bus 0000:10: resource 2 [mem 0xddf00000-0xddffffff 64bit pref]
Jun 12 17:10:17 amlogic kernel: [    1.252460] pci_bus 0000:11: resource 1 [mem 0xdb600000-0xdb6fffff]
Jun 12 17:10:17 amlogic kernel: [    1.252466] pci_bus 0000:11: resource 2 [mem 0xde300000-0xde3fffff 64bit pref]
Jun 12 17:10:17 amlogic kernel: [    1.252471] pci_bus 0000:12: resource 1 [mem 0xdba00000-0xdbafffff]
Jun 12 17:10:17 amlogic kernel: [    1.252477] pci_bus 0000:12: resource 2 [mem 0xde700000-0xde7fffff 64bit pref]
Jun 12 17:10:17 amlogic kernel: [    1.252482] pci_bus 0000:13: resource 0 [io  0x6000-0x6fff]
Jun 12 17:10:17 amlogic kernel: [    1.252487] pci_bus 0000:13: resource 1 [mem 0xd9f00000-0xd9ffffff]
Jun 12 17:10:17 amlogic kernel: [    1.252493] pci_bus 0000:13: resource 2 [mem 0xdcc00000-0xdccfffff 64bit pref]
Jun 12 17:10:17 amlogic kernel: [    1.252498] pci_bus 0000:14: resource 0 [io  0xa000-0xafff]
Jun 12 17:10:17 amlogic kernel: [    1.252503] pci_bus 0000:14: resource 1 [mem 0xda300000-0xda3fffff]
Jun 12 17:10:17 amlogic kernel: [    1.252509] pci_bus 0000:14: resource 2 [mem 0xdd000000-0xdd0fffff 64bit pref]
Jun 12 17:10:17 amlogic kernel: [    1.252514] pci_bus 0000:15: resource 0 [io  0xe000-0xefff]
Jun 12 17:10:17 amlogic kernel: [    1.252519] pci_bus 0000:15: resource 1 [mem 0xda700000-0xda7fffff]
Jun 12 17:10:17 amlogic kernel: [    1.252525] pci_bus 0000:15: resource 2 [mem 0xdd400000-0xdd4fffff 64bit pref]
Jun 12 17:10:17 amlogic kernel: [    1.252530] pci_bus 0000:16: resource 1 [mem 0xdab00000-0xdabfffff]
Jun 12 17:10:17 amlogic kernel: [    1.252536] pci_bus 0000:16: resource 2 [mem 0xdd800000-0xdd8fffff 64bit pref]
Jun 12 17:10:17 amlogic kernel: [    1.252541] pci_bus 0000:17: resource 1 [mem 0xdaf00000-0xdaffffff]
Jun 12 17:10:17 amlogic kernel: [    1.252547] pci_bus 0000:17: resource 2 [mem 0xddc00000-0xddcfffff 64bit pref]
Jun 12 17:10:17 amlogic kernel: [    1.252552] pci_bus 0000:18: resource 1 [mem 0xdb300000-0xdb3fffff]
Jun 12 17:10:17 amlogic kernel: [    1.252558] pci_bus 0000:18: resource 2 [mem 0xde000000-0xde0fffff 64bit pref]
Jun 12 17:10:17 amlogic kernel: [    1.252563] pci_bus 0000:19: resource 1 [mem 0xdb700000-0xdb7fffff]
Jun 12 17:10:17 amlogic kernel: [    1.252569] pci_bus 0000:19: resource 2 [mem 0xde400000-0xde4fffff 64bit pref]
Jun 12 17:10:17 amlogic kernel: [    1.252574] pci_bus 0000:1a: resource 1 [mem 0xdbb00000-0xdbbfffff]
Jun 12 17:10:17 amlogic kernel: [    1.252582] pci_bus 0000:1a: resource 2 [mem 0xde800000-0xde8fffff 64bit pref]
Jun 12 17:10:17 amlogic kernel: [    1.252588] pci_bus 0000:1b: resource 0 [io  0x7000-0x7fff]
Jun 12 17:10:17 amlogic kernel: [    1.252592] pci_bus 0000:1b: resource 1 [mem 0xda000000-0xda0fffff]
Jun 12 17:10:17 amlogic kernel: [    1.252598] pci_bus 0000:1b: resource 2 [mem 0xdcd00000-0xdcdfffff 64bit pref]
Jun 12 17:10:17 amlogic kernel: [    1.252603] pci_bus 0000:1c: resource 0 [io  0xb000-0xbfff]
Jun 12 17:10:17 amlogic kernel: [    1.252608] pci_bus 0000:1c: resource 1 [mem 0xda400000-0xda4fffff]
Jun 12 17:10:17 amlogic kernel: [    1.252614] pci_bus 0000:1c: resource 2 [mem 0xdd100000-0xdd1fffff 64bit pref]
Jun 12 17:10:17 amlogic kernel: [    1.252619] pci_bus 0000:1d: resource 1 [mem 0xda800000-0xda8fffff]
Jun 12 17:10:17 amlogic kernel: [    1.252625] pci_bus 0000:1d: resource 2 [mem 0xdd500000-0xdd5fffff 64bit pref]
Jun 12 17:10:17 amlogic kernel: [    1.252631] pci_bus 0000:1e: resource 1 [mem 0xdac00000-0xdacfffff]
Jun 12 17:10:17 amlogic kernel: [    1.252636] pci_bus 0000:1e: resource 2 [mem 0xdd900000-0xdd9fffff 64bit pref]
Jun 12 17:10:17 amlogic kernel: [    1.252642] pci_bus 0000:1f: resource 1 [mem 0xdb000000-0xdb0fffff]
Jun 12 17:10:17 amlogic kernel: [    1.252648] pci_bus 0000:1f: resource 2 [mem 0xddd00000-0xdddfffff 64bit pref]
Jun 12 17:10:17 amlogic kernel: [    1.252653] pci_bus 0000:20: resource 1 [mem 0xdb400000-0xdb4fffff]
Jun 12 17:10:17 amlogic kernel: [    1.252659] pci_bus 0000:20: resource 2 [mem 0xde100000-0xde1fffff 64bit pref]
Jun 12 17:10:17 amlogic kernel: [    1.252664] pci_bus 0000:21: resource 1 [mem 0xdb800000-0xdb8fffff]
Jun 12 17:10:17 amlogic kernel: [    1.252670] pci_bus 0000:21: resource 2 [mem 0xde500000-0xde5fffff 64bit pref]
Jun 12 17:10:17 amlogic kernel: [    1.252675] pci_bus 0000:22: resource 1 [mem 0xdbc00000-0xdbcfffff]
Jun 12 17:10:17 amlogic kernel: [    1.252681] pci_bus 0000:22: resource 2 [mem 0xde900000-0xde9fffff 64bit pref]
Jun 12 17:10:17 amlogic kernel: [    1.252727] NET: Registered protocol family 2
Jun 12 17:10:17 amlogic kernel: [    1.252772] IP route cache hash table entries: 32768 (order: 5, 131072 bytes)
Jun 12 17:10:17 amlogic kernel: [    1.256073] TCP established hash table entries: 131072 (order: 8, 1048576 bytes)
Jun 12 17:10:17 amlogic kernel: [    1.260074] TCP bind hash table entries: 65536 (order: 7, 524288 bytes)
Jun 12 17:10:17 amlogic kernel: [    1.263998] TCP: Hash tables configured (established 131072 bind 65536)
Jun 12 17:10:17 amlogic kernel: [    1.264056] TCP reno registered
Jun 12 17:10:17 amlogic kernel: [    1.264102] UDP hash table entries: 512 (order: 2, 16384 bytes)
Jun 12 17:10:17 amlogic kernel: [    1.264147] UDP-Lite hash table entries: 512 (order: 2, 16384 bytes)
Jun 12 17:10:17 amlogic kernel: [    1.264193] NET: Registered protocol family 1
Jun 12 17:10:17 amlogic kernel: [    1.264239] pci 0000:00:00.0: Limiting direct PCI/PCI transfers
Jun 12 17:10:17 amlogic kernel: [    1.264284] pci 0000:00:0f.0: Boot video device
Jun 12 17:10:17 amlogic kernel: [    1.264381] PCI: CLS 32 bytes, default 64
Jun 12 17:10:17 amlogic kernel: [    1.264651] Simple Boot Flag at 0x36 set to 0x1
Jun 12 17:10:17 amlogic kernel: [    1.267999] audit: initializing netlink socket (disabled)
Jun 12 17:10:17 amlogic kernel: [    1.271999] Trying to unpack rootfs image as initramfs...
Jun 12 17:10:17 amlogic kernel: [    1.276118] type=2000 audit(1339492201.272:1): initialized
Jun 12 17:10:17 amlogic kernel: [    1.308354] highmem bounce pool size: 64 pages
Jun 12 17:10:17 amlogic kernel: [    1.308399] HugeTLB registered 4 MB page size, pre-allocated 0 pages
Jun 12 17:10:17 amlogic kernel: [    1.324343] VFS: Disk quotas dquot_6.5.2
Jun 12 17:10:17 amlogic kernel: [    1.324389] Dquot-cache hash table entries: 1024 (order 0, 4096 bytes)
Jun 12 17:10:17 amlogic kernel: [    1.332348] fuse init (API version 7.16)
Jun 12 17:10:17 amlogic kernel: [    1.332394] msgmni has been set to 1704
Jun 12 17:10:17 amlogic kernel: [    1.344648] Block layer SCSI generic (bsg) driver version 0.4 loaded (major 253)
Jun 12 17:10:17 amlogic kernel: [    1.348172] io scheduler noop registered
Jun 12 17:10:17 amlogic kernel: [    1.348218] io scheduler deadline registered
Jun 12 17:10:17 amlogic kernel: [    1.348263] io scheduler cfq registered (default)
Jun 12 17:10:17 amlogic kernel: [    1.348309] pcieport 0000:00:15.0: setting latency timer to 64
Jun 12 17:10:17 amlogic kernel: [    1.348355] pcieport 0000:00:15.0: irq 40 for MSI/MSI-X
Jun 12 17:10:17 amlogic kernel: [    1.348400] pcieport 0000:00:15.1: setting latency timer to 64
Jun 12 17:10:17 amlogic kernel: [    1.348446] pcieport 0000:00:15.1: irq 41 for MSI/MSI-X
Jun 12 17:10:17 amlogic kernel: [    1.348492] pcieport 0000:00:15.2: setting latency timer to 64
Jun 12 17:10:17 amlogic kernel: [    1.348537] pcieport 0000:00:15.2: irq 42 for MSI/MSI-X
Jun 12 17:10:17 amlogic kernel: [    1.348583] pcieport 0000:00:15.3: setting latency timer to 64
Jun 12 17:10:17 amlogic kernel: [    1.348629] pcieport 0000:00:15.3: irq 43 for MSI/MSI-X
Jun 12 17:10:17 amlogic kernel: [    1.348674] pcieport 0000:00:15.4: setting latency timer to 64
Jun 12 17:10:17 amlogic kernel: [    1.348720] pcieport 0000:00:15.4: irq 44 for MSI/MSI-X
Jun 12 17:10:17 amlogic kernel: [    1.348766] pcieport 0000:00:15.5: setting latency timer to 64
Jun 12 17:10:17 amlogic kernel: [    1.348811] pcieport 0000:00:15.5: irq 45 for MSI/MSI-X
Jun 12 17:10:17 amlogic kernel: [    1.348857] pcieport 0000:00:15.6: setting latency timer to 64
Jun 12 17:10:17 amlogic kernel: [    1.348903] pcieport 0000:00:15.6: irq 46 for MSI/MSI-X
Jun 12 17:10:17 amlogic kernel: [    1.348948] pcieport 0000:00:15.7: setting latency timer to 64
Jun 12 17:10:17 amlogic kernel: [    1.348994] pcieport 0000:00:15.7: irq 47 for MSI/MSI-X
Jun 12 17:10:17 amlogic kernel: [    1.349040] pcieport 0000:00:16.0: setting latency timer to 64
Jun 12 17:10:17 amlogic kernel: [    1.349085] pcieport 0000:00:16.0: irq 48 for MSI/MSI-X
Jun 12 17:10:17 amlogic kernel: [    1.349131] pcieport 0000:00:16.1: setting latency timer to 64
Jun 12 17:10:17 amlogic kernel: [    1.349177] pcieport 0000:00:16.1: irq 49 for MSI/MSI-X
Jun 12 17:10:17 amlogic kernel: [    1.349222] pcieport 0000:00:16.2: setting latency timer to 64
Jun 12 17:10:17 amlogic kernel: [    1.349268] pcieport 0000:00:16.2: irq 50 for MSI/MSI-X
Jun 12 17:10:17 amlogic kernel: [    1.349314] pcieport 0000:00:16.3: setting latency timer to 64
Jun 12 17:10:17 amlogic kernel: [    1.349359] pcieport 0000:00:16.3: irq 51 for MSI/MSI-X
Jun 12 17:10:17 amlogic kernel: [    1.349405] pcieport 0000:00:16.4: setting latency timer to 64
Jun 12 17:10:17 amlogic kernel: [    1.349451] pcieport 0000:00:16.4: irq 52 for MSI/MSI-X
Jun 12 17:10:17 amlogic kernel: [    1.349496] pcieport 0000:00:16.5: setting latency timer to 64
Jun 12 17:10:17 amlogic kernel: [    1.349542] pcieport 0000:00:16.5: irq 53 for MSI/MSI-X
Jun 12 17:10:17 amlogic kernel: [    1.349588] pcieport 0000:00:16.6: setting latency timer to 64
Jun 12 17:10:17 amlogic kernel: [    1.349633] pcieport 0000:00:16.6: irq 54 for MSI/MSI-X
Jun 12 17:10:17 amlogic kernel: [    1.349679] pcieport 0000:00:16.7: setting latency timer to 64
Jun 12 17:10:17 amlogic kernel: [    1.349725] pcieport 0000:00:16.7: irq 55 for MSI/MSI-X
Jun 12 17:10:17 amlogic kernel: [    1.349770] pcieport 0000:00:17.0: setting latency timer to 64
Jun 12 17:10:17 amlogic kernel: [    1.349816] pcieport 0000:00:17.0: irq 56 for MSI/MSI-X
Jun 12 17:10:17 amlogic kernel: [    1.349862] pcieport 0000:00:17.1: setting latency timer to 64
Jun 12 17:10:17 amlogic kernel: [    1.349907] pcieport 0000:00:17.1: irq 57 for MSI/MSI-X
Jun 12 17:10:17 amlogic kernel: [    1.349953] pcieport 0000:00:17.2: setting latency timer to 64
Jun 12 17:10:17 amlogic kernel: [    1.349999] pcieport 0000:00:17.2: irq 58 for MSI/MSI-X
Jun 12 17:10:17 amlogic kernel: [    1.350044] pcieport 0000:00:17.3: setting latency timer to 64
Jun 12 17:10:17 amlogic kernel: [    1.350090] pcieport 0000:00:17.3: irq 59 for MSI/MSI-X
Jun 12 17:10:17 amlogic kernel: [    1.350136] pcieport 0000:00:17.4: setting latency timer to 64
Jun 12 17:10:17 amlogic kernel: [    1.350181] pcieport 0000:00:17.4: irq 60 for MSI/MSI-X
Jun 12 17:10:17 amlogic kernel: [    1.350227] pcieport 0000:00:17.5: setting latency timer to 64
Jun 12 17:10:17 amlogic kernel: [    1.350273] pcieport 0000:00:17.5: irq 61 for MSI/MSI-X
Jun 12 17:10:17 amlogic kernel: [    1.350318] pcieport 0000:00:17.6: setting latency timer to 64
Jun 12 17:10:17 amlogic kernel: [    1.350364] pcieport 0000:00:17.6: irq 62 for MSI/MSI-X
Jun 12 17:10:17 amlogic kernel: [    1.350410] pcieport 0000:00:17.7: setting latency timer to 64
Jun 12 17:10:17 amlogic kernel: [    1.350455] pcieport 0000:00:17.7: irq 63 for MSI/MSI-X
Jun 12 17:10:17 amlogic kernel: [    1.350501] pcieport 0000:00:18.0: setting latency timer to 64
Jun 12 17:10:17 amlogic kernel: [    1.350547] pcieport 0000:00:18.0: irq 64 for MSI/MSI-X
Jun 12 17:10:17 amlogic kernel: [    1.350592] pcieport 0000:00:18.1: setting latency timer to 64
Jun 12 17:10:17 amlogic kernel: [    1.350638] pcieport 0000:00:18.1: irq 65 for MSI/MSI-X
Jun 12 17:10:17 amlogic kernel: [    1.350684] pcieport 0000:00:18.2: setting latency timer to 64
Jun 12 17:10:17 amlogic kernel: [    1.350729] pcieport 0000:00:18.2: irq 66 for MSI/MSI-X
Jun 12 17:10:17 amlogic kernel: [    1.350775] pcieport 0000:00:18.3: setting latency timer to 64
Jun 12 17:10:17 amlogic kernel: [    1.350821] pcieport 0000:00:18.3: irq 67 for MSI/MSI-X
Jun 12 17:10:17 amlogic kernel: [    1.350866] pcieport 0000:00:18.4: setting latency timer to 64
Jun 12 17:10:17 amlogic kernel: [    1.350912] pcieport 0000:00:18.4: irq 68 for MSI/MSI-X
Jun 12 17:10:17 amlogic kernel: [    1.350957] pcieport 0000:00:18.5: setting latency timer to 64
Jun 12 17:10:17 amlogic kernel: [    1.351003] pcieport 0000:00:18.5: irq 69 for MSI/MSI-X
Jun 12 17:10:17 amlogic kernel: [    1.351049] pcieport 0000:00:18.6: setting latency timer to 64
Jun 12 17:10:17 amlogic kernel: [    1.351094] pcieport 0000:00:18.6: irq 70 for MSI/MSI-X
Jun 12 17:10:17 amlogic kernel: [    1.351140] pcieport 0000:00:18.7: setting latency timer to 64
